Archive member included to satisfy reference by file (symbol)

.\CortexM3\ARM_GCC_541\Debug\GPS_Logger.a(UART_DEBUG.o)
                              .\CortexM3\ARM_GCC_541\Debug\main.o (UART_DEBUG_Start)
.\CortexM3\ARM_GCC_541\Debug\GPS_Logger.a(UART_DEBUG_INT.o)
                              .\CortexM3\ARM_GCC_541\Debug\GPS_Logger.a(UART_DEBUG.o) (UART_DEBUG_RXISR)
.\CortexM3\ARM_GCC_541\Debug\GPS_Logger.a(UART_GPS.o)
                              .\CortexM3\ARM_GCC_541\Debug\main.o (UART_GPS_Start)
.\CortexM3\ARM_GCC_541\Debug\GPS_Logger.a(UART_GPS_INT.o)
                              .\CortexM3\ARM_GCC_541\Debug\GPS_Logger.a(UART_GPS.o) (UART_GPS_RXISR)
.\CortexM3\ARM_GCC_541\Debug\GPS_Logger.a(UART_VMON.o)
                              .\CortexM3\ARM_GCC_541\Debug\main.o (UART_VMON_Start)
.\CortexM3\ARM_GCC_541\Debug\GPS_Logger.a(UART_VMON_INT.o)
                              .\CortexM3\ARM_GCC_541\Debug\GPS_Logger.a(UART_VMON.o) (UART_VMON_RXISR)
.\CortexM3\ARM_GCC_541\Debug\GPS_Logger.a(BME280_CSn.o)
                              .\CortexM3\ARM_GCC_541\Debug\main.o (BME280_CSn_Write)
.\CortexM3\ARM_GCC_541\Debug\GPS_Logger.a(SakuraIO_WAKE_IN.o)
                              .\CortexM3\ARM_GCC_541\Debug\main.o (SakuraIO_WAKE_IN_Read)
.\CortexM3\ARM_GCC_541\Debug\GPS_Logger.a(SakuraIO_WAKE_OUT.o)
                              .\CortexM3\ARM_GCC_541\Debug\main.o (SakuraIO_WAKE_OUT_Write)
.\CortexM3\ARM_GCC_541\Debug\GPS_Logger.a(UART_DEBUG_IntClock.o)
                              .\CortexM3\ARM_GCC_541\Debug\GPS_Logger.a(UART_DEBUG.o) (UART_DEBUG_IntClock_Start)
.\CortexM3\ARM_GCC_541\Debug\GPS_Logger.a(UART_GPS_IntClock.o)
                              .\CortexM3\ARM_GCC_541\Debug\GPS_Logger.a(UART_GPS.o) (UART_GPS_IntClock_Start)
.\CortexM3\ARM_GCC_541\Debug\GPS_Logger.a(UART_VMON_IntClock.o)
                              .\CortexM3\ARM_GCC_541\Debug\GPS_Logger.a(UART_VMON.o) (UART_VMON_IntClock_Start)
.\CortexM3\ARM_GCC_541\Debug\GPS_Logger.a(CyLib.o)
                              .\CortexM3\ARM_GCC_541\Debug\Cm3Start.o (CyHalt)
.\CortexM3\ARM_GCC_541\Debug\GPS_Logger.a(cyPm.o)
                              .\CortexM3\ARM_GCC_541\Debug\GPS_Logger.a(CyLib.o) (CyPmReadStatus)
.\CortexM3\ARM_GCC_541\Debug\GPS_Logger.a(PERI_SPIM.o)
                              .\CortexM3\ARM_GCC_541\Debug\main.o (PERI_SPIM_Enable)
.\CortexM3\ARM_GCC_541\Debug\GPS_Logger.a(SD_SPIM.o)
                              .\CortexM3\ARM_GCC_541\Debug\main.o (SD_SPIM_Enable)
.\CortexM3\ARM_GCC_541\Debug\GPS_Logger.a(SD_CSn.o)
                              .\CortexM3\ARM_GCC_541\Debug\main.o (SD_CSn_Write)
.\CortexM3\ARM_GCC_541\Debug\GPS_Logger.a(isr_Tick_Timer.o)
                              .\CortexM3\ARM_GCC_541\Debug\main.o (isr_Tick_Timer_StartEx)
.\CortexM3\ARM_GCC_541\Debug\GPS_Logger.a(Clock_3.o)
                              .\CortexM3\ARM_GCC_541\Debug\mmc.o (Clock_3_SetDividerRegister)
.\CortexM3\ARM_GCC_541\Debug\GPS_Logger.a(LED0.o)
                              .\CortexM3\ARM_GCC_541\Debug\main.o (LED0_Write)
.\CortexM3\ARM_GCC_541\Debug\GPS_Logger.a(isr_UART_DEBUG_RXI.o)
                              .\CortexM3\ARM_GCC_541\Debug\main.o (isr_UART_DEBUG_RXI_StartEx)
.\CortexM3\ARM_GCC_541\Debug\GPS_Logger.a(isr_UART_GPS_RXI.o)
                              .\CortexM3\ARM_GCC_541\Debug\main.o (isr_UART_GPS_RXI_StartEx)
.\CortexM3\ARM_GCC_541\Debug\GPS_Logger.a(EEPROM.o)
                              .\CortexM3\ARM_GCC_541\Debug\main.o (EEPROM_WriteByte)
.\CortexM3\ARM_GCC_541\Debug\GPS_Logger.a(Timer1.o)
                              .\CortexM3\ARM_GCC_541\Debug\mmc.o (Timer1_WriteCounter)
.\CortexM3\ARM_GCC_541\Debug\GPS_Logger.a(Timer2.o)
                              .\CortexM3\ARM_GCC_541\Debug\mmc.o (Timer2_WriteCounter)
.\CortexM3\ARM_GCC_541\Debug\GPS_Logger.a(Timer2_Reset.o)
                              .\CortexM3\ARM_GCC_541\Debug\mmc.o (Timer2_Reset_Write)
.\CortexM3\ARM_GCC_541\Debug\GPS_Logger.a(Timer1_Reset.o)
                              .\CortexM3\ARM_GCC_541\Debug\mmc.o (Timer1_Reset_Write)
.\CortexM3\ARM_GCC_541\Debug\GPS_Logger.a(SAKURA_SPIM.o)
                              .\CortexM3\ARM_GCC_541\Debug\SakuraIOc_spi.o (SAKURA_SPIM_Enable)
.\CortexM3\ARM_GCC_541\Debug\GPS_Logger.a(SAKURA_CSn.o)
                              .\CortexM3\ARM_GCC_541\Debug\SakuraIOc_spi.o (SAKURA_CSn_Write)
.\CortexM3\ARM_GCC_541\Debug\GPS_Logger.a(SAKURA_SPIM_IntClock.o)
                              .\CortexM3\ARM_GCC_541\Debug\GPS_Logger.a(SAKURA_SPIM.o) (SAKURA_SPIM_IntClock_Start)
.\CortexM3\ARM_GCC_541\Debug\GPS_Logger.a(ACC_Sleep.o)
                              .\CortexM3\ARM_GCC_541\Debug\main.o (ACC_Sleep_Read)
.\CortexM3\ARM_GCC_541\Debug\GPS_Logger.a(CyBootAsmGnu.o)
                              .\CortexM3\ARM_GCC_541\Debug\cyfitter_cfg.o (CyDelayCycles)
.\CortexM3\ARM_GCC_541\Debug\GPS_Logger.a(CyFlash.o)
                              .\CortexM3\ARM_GCC_541\Debug\GPS_Logger.a(EEPROM.o) (dieTemperature)
[...]
Memory Configuration

Name             Origin             Length             Attributes
rom              0x00000000         0x00040000         xr
ram              0x1fff8000         0x00010000         xrw
*default*        0x00000000         0xffffffff

Linker script and memory map

LOAD c:/program files (x86)/cypress/psoc creator/4.2/psoc creator/import/gnu/arm/5.4.1/bin/../lib/gcc/arm-none-eabi/5.4.1/armv7-m/crti.o
LOAD c:/program files (x86)/cypress/psoc creator/4.2/psoc creator/import/gnu/arm/5.4.1/bin/../lib/gcc/arm-none-eabi/5.4.1/armv7-m/crtbegin.o
LOAD c:/program files (x86)/cypress/psoc creator/4.2/psoc creator/import/gnu/arm/5.4.1/bin/../lib/gcc/arm-none-eabi/5.4.1/../../../../arm-none-eabi/lib/armv7-m/crt0.o
START GROUP
LOAD .\CortexM3\ARM_GCC_541\Debug\main.o
LOAD .\CortexM3\ARM_GCC_541\Debug\xprintf.o
LOAD .\CortexM3\ARM_GCC_541\Debug\ff.o
LOAD .\CortexM3\ARM_GCC_541\Debug\mmc.o
LOAD .\CortexM3\ARM_GCC_541\Debug\SakuraIOc.o
LOAD .\CortexM3\ARM_GCC_541\Debug\SakuraIOc_spi.o
LOAD .\CortexM3\ARM_GCC_541\Debug\spi_interface.o
LOAD .\CortexM3\ARM_GCC_541\Debug\minmea.o
LOAD .\CortexM3\ARM_GCC_541\Debug\cyfitter_cfg.o
LOAD .\CortexM3\ARM_GCC_541\Debug\cymetadata.o
LOAD .\CortexM3\ARM_GCC_541\Debug\Cm3Start.o
LOAD .\CortexM3\ARM_GCC_541\Debug\GPS_Logger.a
LOAD C:\Program Files (x86)\Cypress\PSoC Creator\4.2\PSoC Creator\psoc\content\cycomponentlibrary\CyComponentLibrary.cylib\CortexM3\ARM_GCC_541\Debug\CyComponentLibrary.a
END GROUP
START GROUP
LOAD c:/program files (x86)/cypress/psoc creator/4.2/psoc creator/import/gnu/arm/5.4.1/bin/../lib/gcc/arm-none-eabi/5.4.1/armv7-m\libgcc.a
LOAD c:/program files (x86)/cypress/psoc creator/4.2/psoc creator/import/gnu/arm/5.4.1/bin/../lib/gcc/arm-none-eabi/5.4.1/../../../../arm-none-eabi/lib/armv7-m\libg_nano.a
LOAD c:/program files (x86)/cypress/psoc creator/4.2/psoc creator/import/gnu/arm/5.4.1/bin/../lib/gcc/arm-none-eabi/5.4.1/../../../../arm-none-eabi/lib/armv7-m\libc_nano.a
END GROUP
START GROUP
LOAD c:/program files (x86)/cypress/psoc creator/4.2/psoc creator/import/gnu/arm/5.4.1/bin/../lib/gcc/arm-none-eabi/5.4.1/armv7-m\libgcc.a
LOAD c:/program files (x86)/cypress/psoc creator/4.2/psoc creator/import/gnu/arm/5.4.1/bin/../lib/gcc/arm-none-eabi/5.4.1/../../../../arm-none-eabi/lib/armv7-m\libc_nano.a
END GROUP
LOAD c:/program files (x86)/cypress/psoc creator/4.2/psoc creator/import/gnu/arm/5.4.1/bin/../lib/gcc/arm-none-eabi/5.4.1/armv7-m/crtend.o
LOAD c:/program files (x86)/cypress/psoc creator/4.2/psoc creator/import/gnu/arm/5.4.1/bin/../lib/gcc/arm-none-eabi/5.4.1/armv7-m/crtn.o
START GROUP
LOAD c:/program files (x86)/cypress/psoc creator/4.2/psoc creator/import/gnu/arm/5.4.1/bin/../lib/gcc/arm-none-eabi/5.4.1/armv7-m\libgcc.a
LOAD c:/program files (x86)/cypress/psoc creator/4.2/psoc creator/import/gnu/arm/5.4.1/bin/../lib/gcc/arm-none-eabi/5.4.1/../../../../arm-none-eabi/lib/armv7-m\libc.a
LOAD c:/program files (x86)/cypress/psoc creator/4.2/psoc creator/import/gnu/arm/5.4.1/bin/../lib/gcc/arm-none-eabi/5.4.1/../../../../arm-none-eabi/lib/armv7-m\libnosys.a
END GROUP
                0x00000000                CY_APPL_ORIGIN = 0x0
                0x00000100                CY_FLASH_ROW_SIZE = 0x100
                0x00000020                CY_ECC_ROW_SIZE = 0x20
                0x00000000                CY_EE_IN_BTLDR = 0x0
                0x00000000                CY_APPL_LOADABLE = 0x0
                0x00000800                CY_EE_SIZE = 0x800
                0x00000001                CY_APPL_NUM = 0x1
                0x00000001                CY_APPL_MAX = 0x1
                0x00000040                CY_METADATA_SIZE = 0x40
                0x00000000                CY_APPL_LOADABLE = 0x0
                0x00000000                CY_CHECKSUM_EXCLUDE_SIZE = ALIGN (0x0, CY_FLASH_ROW_SIZE)
                [!provide]                PROVIDE (__cy_heap_start, _end)
                0x00000001                PROVIDE (__cy_region_num, ((__cy_regions_end - __cy_regions) / 0x10))
                0x20008000                PROVIDE (__cy_stack, (ORIGIN (ram) + LENGTH (ram)))
                [!provide]                PROVIDE (__cy_heap_end, (__cy_stack - 0x800))

.cybootloader   0x00000000        0x0
 *(.cybootloader)
                0x00000000                appl1_start = CY_APPL_ORIGIN?CY_APPL_ORIGIN:ALIGN (CY_FLASH_ROW_SIZE)
                0x0001ff00                appl2_start = (appl1_start + ALIGN ((((LENGTH (rom) - appl1_start) - (0x2 * CY_FLASH_ROW_SIZE)) / 0x2), CY_FLASH_ROW_SIZE))
                0x00000000                appl_start = (CY_APPL_NUM == 0x1)?appl1_start:appl2_start
                0x00000000                ecc_offset = ((appl_start / CY_FLASH_ROW_SIZE) * CY_ECC_ROW_SIZE)
                0x00000000                ee_offset = (CY_APPL_LOADABLE && ! (CY_EE_IN_BTLDR))?((CY_EE_SIZE / CY_APPL_MAX) * (CY_APPL_NUM - 0x1)):0x0
                0x00000800                ee_size = (CY_APPL_LOADABLE && ! (CY_EE_IN_BTLDR))?(CY_EE_SIZE / CY_APPL_MAX):CY_EE_SIZE
                [!provide]                PROVIDE (CY_ECC_OFFSET, ecc_offset)

.text           0x00000000     0x5560
 CREATE_OBJECT_SYMBOLS
                0x00000000                PROVIDE (__cy_interrupt_vector, RomVectors)
 *(.romvectors)
 .romvectors    0x00000000       0x10 .\CortexM3\ARM_GCC_541\Debug\Cm3Start.o
                0x00000000                RomVectors
                0x00000001                ASSERT ((. != __cy_interrupt_vector), No interrupt vector)
                0x00000001                ASSERT (CY_APPL_ORIGIN?(SIZEOF (.cybootloader) <= CY_APPL_ORIGIN):0x1, Wrong image location)
                0x00000010                PROVIDE (__cy_reset, Reset)
 *(.text.Reset)
 .text.Reset    0x00000010       0x18 .\CortexM3\ARM_GCC_541\Debug\Cm3Start.o
                0x00000010                Reset
                0x00000001                ASSERT ((. != __cy_reset), No reset code)
 *(.dma_init)
                0x00000001                ASSERT ((((appl_start + .) <= 0x10000) || 0x1), DMA Init must be within the first 64k of flash)
 *(.text .text.* .gnu.linkonce.t.*)
 .text          0x00000028       0x5c c:/program files (x86)/cypress/psoc creator/4.2/psoc creator/import/gnu/arm/5.4.1/bin/../lib/gcc/arm-none-eabi/5.4.1/armv7-m/crtbegin.o
 .text.isr_UART_DEBUG_RXI_isr
                0x00000084       0xb8 .\CortexM3\ARM_GCC_541\Debug\main.o
                0x00000084                isr_UART_DEBUG_RXI_isr
 .text.scan_files
                0x0000013c       0x8c .\CortexM3\ARM_GCC_541\Debug\main.o
 .text.PERI_SPIM_RW
                0x000001c8       0x40 .\CortexM3\ARM_GCC_541\Debug\main.o
                0x000001c8                PERI_SPIM_RW
 .text.BME_READ
                0x00000208       0xd0 .\CortexM3\ARM_GCC_541\Debug\main.o
                0x00000208                BME_READ
 .text.GPS_PARSE
                0x000002d8      0x13c .\CortexM3\ARM_GCC_541\Debug\main.o
                0x000002d8                GPS_PARSE
 .text.isr_UART_GPS_RXI_isr
                0x00000414       0xb8 .\CortexM3\ARM_GCC_541\Debug\main.o
                0x00000414                isr_UART_GPS_RXI_isr
 .text.SAKURA_IO_DataSend
                0x000004cc      0x164 .\CortexM3\ARM_GCC_541\Debug\main.o
                0x000004cc                SAKURA_IO_DataSend
 .text.isr_Tick_Timer_isr
                0x00000630       0xa0 .\CortexM3\ARM_GCC_541\Debug\main.o
                0x00000630                isr_Tick_Timer_isr
 .text.ACC_Sleep_FUNC
                0x000006d0       0x28 .\CortexM3\ARM_GCC_541\Debug\main.o
                0x000006d0                ACC_Sleep_FUNC
 .text.main     0x000006f8      0x3e4 .\CortexM3\ARM_GCC_541\Debug\main.o
                0x000006f8                main
 .text.get_fattime
                0x00000adc        0x8 .\CortexM3\ARM_GCC_541\Debug\main.o
                0x00000adc                get_fattime
 .text.xputc    0x00000ae4       0x34 .\CortexM3\ARM_GCC_541\Debug\xprintf.o
                0x00000ae4                xputc
 .text.xputs    0x00000b18       0x14 .\CortexM3\ARM_GCC_541\Debug\xprintf.o
                0x00000b18                xputs
 .text.xvprintf
                0x00000b2c      0x1f4 .\CortexM3\ARM_GCC_541\Debug\xprintf.o
 .text.xprintf  0x00000d20       0x1c .\CortexM3\ARM_GCC_541\Debug\xprintf.o
                0x00000d20                xprintf
 .text.mem_cpy  0x00000d3c       0x14 .\CortexM3\ARM_GCC_541\Debug\ff.o
 .text.mem_set  0x00000d50       0x10 .\CortexM3\ARM_GCC_541\Debug\ff.o
 .text.mem_cmp  0x00000d60       0x24 .\CortexM3\ARM_GCC_541\Debug\ff.o
 .text.chk_chr  0x00000d84       0x10 .\CortexM3\ARM_GCC_541\Debug\ff.o
 .text.ld_clust
                0x00000d94       0x20 .\CortexM3\ARM_GCC_541\Debug\ff.o
 .text.st_clust
                0x00000db4       0x14 .\CortexM3\ARM_GCC_541\Debug\ff.o
 .text.get_fileinfo
                0x00000dc8       0x68 .\CortexM3\ARM_GCC_541\Debug\ff.o
 .text.create_name
                0x00000e30      0x158 .\CortexM3\ARM_GCC_541\Debug\ff.o
 .text.get_ldnumber
                0x00000f88       0x54 .\CortexM3\ARM_GCC_541\Debug\ff.o
 .text.sync_window
                0x00000fdc       0x54 .\CortexM3\ARM_GCC_541\Debug\ff.o
 .text.move_window
                0x00001030       0x38 .\CortexM3\ARM_GCC_541\Debug\ff.o
 .text.check_fs
                0x00001068       0x90 .\CortexM3\ARM_GCC_541\Debug\ff.o
 .text.validate
                0x000010f8       0x38 .\CortexM3\ARM_GCC_541\Debug\ff.o
 .text.find_volume
                0x00001130      0x374 .\CortexM3\ARM_GCC_541\Debug\ff.o
 .text.sync_fs  0x000014a4       0xbc .\CortexM3\ARM_GCC_541\Debug\ff.o
 .text.clust2sect
                0x00001560       0x18 .\CortexM3\ARM_GCC_541\Debug\ff.o
                0x00001560                clust2sect
 .text.get_fat  0x00001578       0xec .\CortexM3\ARM_GCC_541\Debug\ff.o
                0x00001578                get_fat
 .text.dir_sdi  0x00001664       0x94 .\CortexM3\ARM_GCC_541\Debug\ff.o
 .text.put_fat  0x000016f8      0x110 .\CortexM3\ARM_GCC_541\Debug\ff.o
                0x000016f8                put_fat
 .text.create_chain
                0x00001808       0xb8 .\CortexM3\ARM_GCC_541\Debug\ff.o
 .text.dir_next
                0x000018c0      0x120 .\CortexM3\ARM_GCC_541\Debug\ff.o
 .text.dir_find
                0x000019e0       0x4c .\CortexM3\ARM_GCC_541\Debug\ff.o
 .text.follow_path
                0x00001a2c       0x80 .\CortexM3\ARM_GCC_541\Debug\ff.o
 .text.dir_alloc
                0x00001aac       0x4c .\CortexM3\ARM_GCC_541\Debug\ff.o
 .text.dir_register
                0x00001af8       0x38 .\CortexM3\ARM_GCC_541\Debug\ff.o
 .text.dir_read
                0x00001b30       0x58 .\CortexM3\ARM_GCC_541\Debug\ff.o
 .text.remove_chain
                0x00001b88       0x68 .\CortexM3\ARM_GCC_541\Debug\ff.o
 .text.f_mount  0x00001bf0       0x58 .\CortexM3\ARM_GCC_541\Debug\ff.o
                0x00001bf0                f_mount
 .text.f_open   0x00001c48      0x160 .\CortexM3\ARM_GCC_541\Debug\ff.o
                0x00001c48                f_open
 .text.f_read   0x00001da8      0x178 .\CortexM3\ARM_GCC_541\Debug\ff.o
                0x00001da8                f_read
 .text.f_write  0x00001f20      0x1b4 .\CortexM3\ARM_GCC_541\Debug\ff.o
                0x00001f20                f_write
 .text.putc_bfd
                0x000020d4       0x4c .\CortexM3\ARM_GCC_541\Debug\ff.o
 .text.f_sync   0x00002120       0xa0 .\CortexM3\ARM_GCC_541\Debug\ff.o
                0x00002120                f_sync
 .text.f_close  0x000021c0       0x20 .\CortexM3\ARM_GCC_541\Debug\ff.o
                0x000021c0                f_close
 .text.f_lseek  0x000021e0      0x160 .\CortexM3\ARM_GCC_541\Debug\ff.o
                0x000021e0                f_lseek
 .text.f_opendir
                0x00002340       0x70 .\CortexM3\ARM_GCC_541\Debug\ff.o
                0x00002340                f_opendir
 .text.f_readdir
                0x000023b0       0x60 .\CortexM3\ARM_GCC_541\Debug\ff.o
                0x000023b0                f_readdir
 .text.f_stat   0x00002410       0x44 .\CortexM3\ARM_GCC_541\Debug\ff.o
                0x00002410                f_stat
 .text.f_putc   0x00002454       0x48 .\CortexM3\ARM_GCC_541\Debug\ff.o
                0x00002454                f_putc
 .text.f_puts   0x0000249c       0x50 .\CortexM3\ARM_GCC_541\Debug\ff.o
                0x0000249c                f_puts
 .text.f_printf
                0x000024ec      0x260 .\CortexM3\ARM_GCC_541\Debug\ff.o
                0x000024ec                f_printf
 .text.xchg_spi
                0x0000274c       0x18 .\CortexM3\ARM_GCC_541\Debug\mmc.o
 .text.rcvr_spi_m
                0x00002764       0x1c .\CortexM3\ARM_GCC_541\Debug\mmc.o
 .text.deselect
                0x00002780       0x10 .\CortexM3\ARM_GCC_541\Debug\mmc.o
 .text.Timer2_Set
                0x00002790       0x18 .\CortexM3\ARM_GCC_541\Debug\mmc.o
                0x00002790                Timer2_Set
 .text.wait_ready
                0x000027a8       0x28 .\CortexM3\ARM_GCC_541\Debug\mmc.o
 .text.select   0x000027d0       0x1c .\CortexM3\ARM_GCC_541\Debug\mmc.o
 .text.send_cmd
                0x000027ec       0xc4 .\CortexM3\ARM_GCC_541\Debug\mmc.o
 .text.power_off
                0x000028b0       0x1c .\CortexM3\ARM_GCC_541\Debug\mmc.o
 .text.xmit_datablock
                0x000028cc       0x5c .\CortexM3\ARM_GCC_541\Debug\mmc.o
 .text.Timer1_Set
                0x00002928       0x18 .\CortexM3\ARM_GCC_541\Debug\mmc.o
                0x00002928                Timer1_Set
 .text.rcvr_datablock
                0x00002940       0x60 .\CortexM3\ARM_GCC_541\Debug\mmc.o
 .text.disk_initialize
                0x000029a0      0x178 .\CortexM3\ARM_GCC_541\Debug\mmc.o
                0x000029a0                disk_initialize
 .text.disk_status
                0x00002b18       0x14 .\CortexM3\ARM_GCC_541\Debug\mmc.o
                0x00002b18                disk_status
 .text.disk_read
                0x00002b2c       0x74 .\CortexM3\ARM_GCC_541\Debug\mmc.o
                0x00002b2c                disk_read
 .text.disk_write
                0x00002ba0       0xac .\CortexM3\ARM_GCC_541\Debug\mmc.o
                0x00002ba0                disk_write
 .text.disk_ioctl
                0x00002c4c      0x268 .\CortexM3\ARM_GCC_541\Debug\mmc.o
                0x00002c4c                disk_ioctl
 .text.executeCommand
                0x00002eb4      0x128 .\CortexM3\ARM_GCC_541\Debug\SakuraIOc.o
 .text.getConnectionStatus
                0x00002fdc       0x30 .\CortexM3\ARM_GCC_541\Debug\SakuraIOc.o
                0x00002fdc                getConnectionStatus
 .text.getUnixtime
                0x0000300c       0x34 .\CortexM3\ARM_GCC_541\Debug\SakuraIOc.o
                0x0000300c                getUnixtime
 .text.enqueueTxRaw
                0x00003040       0x70 .\CortexM3\ARM_GCC_541\Debug\SakuraIOc.o
                0x00003040                enqueueTxRaw
 .text.enqueueTx2_ui32
                0x000030b0       0x1c .\CortexM3\ARM_GCC_541\Debug\SakuraIOc.o
                0x000030b0                enqueueTx2_ui32
 .text.enqueueTx2_f
                0x000030cc       0x1c .\CortexM3\ARM_GCC_541\Debug\SakuraIOc.o
                0x000030cc                enqueueTx2_f
 .text.enqueueTx_ui32
                0x000030e8        0xc .\CortexM3\ARM_GCC_541\Debug\SakuraIOc.o
                0x000030e8                enqueueTx_ui32
 .text.enqueueTx_f
                0x000030f4        0xc .\CortexM3\ARM_GCC_541\Debug\SakuraIOc.o
                0x000030f4                enqueueTx_f
 .text.getTxQueueLength
                0x00003100       0x34 .\CortexM3\ARM_GCC_541\Debug\SakuraIOc.o
                0x00003100                getTxQueueLength
 .text.send     0x00003134       0x18 .\CortexM3\ARM_GCC_541\Debug\SakuraIOc.o
                0x00003134                send
 .text.delay    0x0000314c        0x8 .\CortexM3\ARM_GCC_541\Debug\SakuraIOc_spi.o
                0x0000314c                delay
 .text.SakuraIOc_hw_init
                0x00003154       0x14 .\CortexM3\ARM_GCC_541\Debug\SakuraIOc_spi.o
                0x00003154                SakuraIOc_hw_init
 .text.SakuraIOc_hw_begin
                0x00003168        0xc .\CortexM3\ARM_GCC_541\Debug\SakuraIOc_spi.o
                0x00003168                SakuraIOc_hw_begin
 .text.SakuraIOc_hw_end
                0x00003174       0x10 .\CortexM3\ARM_GCC_541\Debug\SakuraIOc_spi.o
                0x00003174                SakuraIOc_hw_end
 .text.SakuraIOc_hw_sendByte
                0x00003184       0x1c .\CortexM3\ARM_GCC_541\Debug\SakuraIOc_spi.o
                0x00003184                SakuraIOc_hw_sendByte
 .text.SakuraIOc_hw_startReceive
                0x000031a0        0x4 .\CortexM3\ARM_GCC_541\Debug\SakuraIOc_spi.o
                0x000031a0                SakuraIOc_hw_startReceive
 .text.SakuraIOc_hw_receiveByte
                0x000031a4       0x18 .\CortexM3\ARM_GCC_541\Debug\SakuraIOc_spi.o
                0x000031a4                SakuraIOc_hw_receiveByte
 .text.hex2int  0x000031bc       0x30 .\CortexM3\ARM_GCC_541\Debug\minmea.o
 .text.minmea_check
                0x000031ec       0xb0 .\CortexM3\ARM_GCC_541\Debug\minmea.o
                0x000031ec                minmea_check
 .text.minmea_scan
                0x0000329c      0x5b8 .\CortexM3\ARM_GCC_541\Debug\minmea.o
                0x0000329c                minmea_scan
 .text.minmea_sentence_id
                0x00003854       0xd0 .\CortexM3\ARM_GCC_541\Debug\minmea.o
                0x00003854                minmea_sentence_id
 .text.minmea_parse_rmc
                0x00003924       0x98 .\CortexM3\ARM_GCC_541\Debug\minmea.o
                0x00003924                minmea_parse_rmc
 .text.minmea_parse_gga
                0x000039bc       0x8c .\CortexM3\ARM_GCC_541\Debug\minmea.o
                0x000039bc                minmea_parse_gga
 .text.minmea_parse_gsa
                0x00003a48       0x90 .\CortexM3\ARM_GCC_541\Debug\minmea.o
                0x00003a48                minmea_parse_gsa
 .text.minmea_parse_gll
                0x00003ad8       0x68 .\CortexM3\ARM_GCC_541\Debug\minmea.o
                0x00003ad8                minmea_parse_gll
 .text.minmea_parse_gst
                0x00003b40       0x5c .\CortexM3\ARM_GCC_541\Debug\minmea.o
                0x00003b40                minmea_parse_gst
 .text.minmea_parse_vtg
                0x00003b9c       0x9c .\CortexM3\ARM_GCC_541\Debug\minmea.o
                0x00003b9c                minmea_parse_vtg
 .text.cfg_write_bytes32
                0x00003c38       0x34 .\CortexM3\ARM_GCC_541\Debug\cyfitter_cfg.o
 .text.AnalogSetDefault
                0x00003c6c       0x28 .\CortexM3\ARM_GCC_541\Debug\cyfitter_cfg.o
 .text.CYMEMZERO
                0x00003c94        0xc .\CortexM3\ARM_GCC_541\Debug\cyfitter_cfg.o
 .text.ClockSetup
                0x00003ca0      0x104 .\CortexM3\ARM_GCC_541\Debug\cyfitter_cfg.o
 .text.CYCONFIGCPY
                0x00003da4        0x8 .\CortexM3\ARM_GCC_541\Debug\cyfitter_cfg.o
 .text.cyfitter_cfg
                0x00003dac      0x138 .\CortexM3\ARM_GCC_541\Debug\cyfitter_cfg.o
                0x00003dac                cyfitter_cfg
 .text.IntDefaultHandler
                0x00003ee4       0x10 .\CortexM3\ARM_GCC_541\Debug\Cm3Start.o
                0x00003ee4                IntDefaultHandler
 .text.Start_c  0x00003ef4       0x4c .\CortexM3\ARM_GCC_541\Debug\Cm3Start.o
                0x00003ef4                Start_c
 .text.initialize_psoc
                0x00003f40       0x68 .\CortexM3\ARM_GCC_541\Debug\Cm3Start.o
                0x00003f40                initialize_psoc
 .text.UART_DEBUG_Init
                0x00003fa8       0x48 .\CortexM3\ARM_GCC_541\Debug\GPS_Logger.a(UART_DEBUG.o)
                0x00003fa8                UART_DEBUG_Init
 .text.UART_DEBUG_Enable
                0x00003ff0       0x48 .\CortexM3\ARM_GCC_541\Debug\GPS_Logger.a(UART_DEBUG.o)
                0x00003ff0                UART_DEBUG_Enable
 .text.UART_DEBUG_Start
                0x00004038       0x1c .\CortexM3\ARM_GCC_541\Debug\GPS_Logger.a(UART_DEBUG.o)
                0x00004038                UART_DEBUG_Start
 .text.UART_DEBUG_GetChar
                0x00004054       0x80 .\CortexM3\ARM_GCC_541\Debug\GPS_Logger.a(UART_DEBUG.o)
                0x00004054                UART_DEBUG_GetChar
 .text.UART_DEBUG_PutChar
                0x000040d4       0x18 .\CortexM3\ARM_GCC_541\Debug\GPS_Logger.a(UART_DEBUG.o)
                0x000040d4                UART_DEBUG_PutChar
 .text.UART_DEBUG_RXISR
                0x000040ec       0x98 .\CortexM3\ARM_GCC_541\Debug\GPS_Logger.a(UART_DEBUG_INT.o)
                0x000040ec                UART_DEBUG_RXISR
 .text.UART_GPS_Init
                0x00004184       0x44 .\CortexM3\ARM_GCC_541\Debug\GPS_Logger.a(UART_GPS.o)
                0x00004184                UART_GPS_Init
 .text.UART_GPS_Enable
                0x000041c8       0x44 .\CortexM3\ARM_GCC_541\Debug\GPS_Logger.a(UART_GPS.o)
                0x000041c8                UART_GPS_Enable
 .text.UART_GPS_Start
                0x0000420c       0x1c .\CortexM3\ARM_GCC_541\Debug\GPS_Logger.a(UART_GPS.o)
                0x0000420c                UART_GPS_Start
 .text.UART_GPS_GetChar
                0x00004228       0x80 .\CortexM3\ARM_GCC_541\Debug\GPS_Logger.a(UART_GPS.o)
                0x00004228                UART_GPS_GetChar
 .text.UART_GPS_RXISR
                0x000042a8       0x98 .\CortexM3\ARM_GCC_541\Debug\GPS_Logger.a(UART_GPS_INT.o)
                0x000042a8                UART_GPS_RXISR
 .text.UART_VMON_Init
                0x00004340       0x48 .\CortexM3\ARM_GCC_541\Debug\GPS_Logger.a(UART_VMON.o)
                0x00004340                UART_VMON_Init
 .text.UART_VMON_Enable
                0x00004388       0x48 .\CortexM3\ARM_GCC_541\Debug\GPS_Logger.a(UART_VMON.o)
                0x00004388                UART_VMON_Enable
 .text.UART_VMON_Start
                0x000043d0       0x1c .\CortexM3\ARM_GCC_541\Debug\GPS_Logger.a(UART_VMON.o)
                0x000043d0                UART_VMON_Start
 .text.UART_VMON_RXISR
                0x000043ec       0x98 .\CortexM3\ARM_GCC_541\Debug\GPS_Logger.a(UART_VMON_INT.o)
                0x000043ec                UART_VMON_RXISR
 .text.BME280_CSn_Write
                0x00004484       0x18 .\CortexM3\ARM_GCC_541\Debug\GPS_Logger.a(BME280_CSn.o)
                0x00004484                BME280_CSn_Write
 .text.SakuraIO_WAKE_IN_Read
                0x0000449c       0x10 .\CortexM3\ARM_GCC_541\Debug\GPS_Logger.a(SakuraIO_WAKE_IN.o)
                0x0000449c                SakuraIO_WAKE_IN_Read
 .text.SakuraIO_WAKE_OUT_Write
                0x000044ac       0x18 .\CortexM3\ARM_GCC_541\Debug\GPS_Logger.a(SakuraIO_WAKE_OUT.o)
                0x000044ac                SakuraIO_WAKE_OUT_Write
 .text.UART_DEBUG_IntClock_Start
                0x000044c4       0x1c .\CortexM3\ARM_GCC_541\Debug\GPS_Logger.a(UART_DEBUG_IntClock.o)
                0x000044c4                UART_DEBUG_IntClock_Start
 .text.UART_GPS_IntClock_Start
                0x000044e0       0x1c .\CortexM3\ARM_GCC_541\Debug\GPS_Logger.a(UART_GPS_IntClock.o)
                0x000044e0                UART_GPS_IntClock_Start
 .text.UART_VMON_IntClock_Start
                0x000044fc       0x1c .\CortexM3\ARM_GCC_541\Debug\GPS_Logger.a(UART_VMON_IntClock.o)
                0x000044fc                UART_VMON_IntClock_Start
 .text.CyHalt   0x00004518        0x4 .\CortexM3\ARM_GCC_541\Debug\GPS_Logger.a(CyLib.o)
                0x00004518                CyHalt
 .text.CyDelay  0x0000451c       0x2c .\CortexM3\ARM_GCC_541\Debug\GPS_Logger.a(CyLib.o)
                0x0000451c                CyDelay
 .text.CyDelayUs
                0x00004548       0x14 .\CortexM3\ARM_GCC_541\Debug\GPS_Logger.a(CyLib.o)
                0x00004548                CyDelayUs
 .text.CyIntSetVector
                0x0000455c       0x28 .\CortexM3\ARM_GCC_541\Debug\GPS_Logger.a(CyLib.o)
                0x0000455c                CyIntSetVector
 .text.CyIntSetPriority
                0x00004584       0x30 .\CortexM3\ARM_GCC_541\Debug\GPS_Logger.a(CyLib.o)
                0x00004584                CyIntSetPriority
 .text.PERI_SPIM_Enable
                0x000045b4       0x30 .\CortexM3\ARM_GCC_541\Debug\GPS_Logger.a(PERI_SPIM.o)
                0x000045b4                PERI_SPIM_Enable
 .text.PERI_SPIM_ReadTxStatus
                0x000045e4        0xc .\CortexM3\ARM_GCC_541\Debug\GPS_Logger.a(PERI_SPIM.o)
                0x000045e4                PERI_SPIM_ReadTxStatus
 .text.PERI_SPIM_ReadRxStatus
                0x000045f0        0xc .\CortexM3\ARM_GCC_541\Debug\GPS_Logger.a(PERI_SPIM.o)
                0x000045f0                PERI_SPIM_ReadRxStatus
 .text.PERI_SPIM_WriteTxData
                0x000045fc       0x18 .\CortexM3\ARM_GCC_541\Debug\GPS_Logger.a(PERI_SPIM.o)
                0x000045fc                PERI_SPIM_WriteTxData
 .text.PERI_SPIM_ReadRxData
                0x00004614        0xc .\CortexM3\ARM_GCC_541\Debug\GPS_Logger.a(PERI_SPIM.o)
                0x00004614                PERI_SPIM_ReadRxData
 .text.PERI_SPIM_ClearRxBuffer
                0x00004620       0x1c .\CortexM3\ARM_GCC_541\Debug\GPS_Logger.a(PERI_SPIM.o)
                0x00004620                PERI_SPIM_ClearRxBuffer
 .text.PERI_SPIM_ClearFIFO
                0x0000463c       0x3c .\CortexM3\ARM_GCC_541\Debug\GPS_Logger.a(PERI_SPIM.o)
                0x0000463c                PERI_SPIM_ClearFIFO
 .text.PERI_SPIM_Init
                0x00004678       0x28 .\CortexM3\ARM_GCC_541\Debug\GPS_Logger.a(PERI_SPIM.o)
                0x00004678                PERI_SPIM_Init
 .text.PERI_SPIM_Start
                0x000046a0       0x1c .\CortexM3\ARM_GCC_541\Debug\GPS_Logger.a(PERI_SPIM.o)
                0x000046a0                PERI_SPIM_Start
 .text.PERI_SPIM_EnableInt
                0x000046bc        0x4 .\CortexM3\ARM_GCC_541\Debug\GPS_Logger.a(PERI_SPIM.o)
                0x000046bc                PERI_SPIM_EnableInt
 .text.SD_SPIM_Enable
                0x000046c0       0x30 .\CortexM3\ARM_GCC_541\Debug\GPS_Logger.a(SD_SPIM.o)
                0x000046c0                SD_SPIM_Enable
 .text.SD_SPIM_ReadTxStatus
                0x000046f0        0xc .\CortexM3\ARM_GCC_541\Debug\GPS_Logger.a(SD_SPIM.o)
                0x000046f0                SD_SPIM_ReadTxStatus
 .text.SD_SPIM_ReadRxStatus
                0x000046fc        0xc .\CortexM3\ARM_GCC_541\Debug\GPS_Logger.a(SD_SPIM.o)
                0x000046fc                SD_SPIM_ReadRxStatus
 .text.SD_SPIM_WriteTxData
                0x00004708       0x18 .\CortexM3\ARM_GCC_541\Debug\GPS_Logger.a(SD_SPIM.o)
                0x00004708                SD_SPIM_WriteTxData
 .text.SD_SPIM_ReadRxData
                0x00004720        0xc .\CortexM3\ARM_GCC_541\Debug\GPS_Logger.a(SD_SPIM.o)
                0x00004720                SD_SPIM_ReadRxData
 .text.SD_SPIM_ClearFIFO
                0x0000472c       0x3c .\CortexM3\ARM_GCC_541\Debug\GPS_Logger.a(SD_SPIM.o)
                0x0000472c                SD_SPIM_ClearFIFO
 .text.SD_SPIM_Init
                0x00004768       0x28 .\CortexM3\ARM_GCC_541\Debug\GPS_Logger.a(SD_SPIM.o)
                0x00004768                SD_SPIM_Init
 .text.SD_SPIM_Start
                0x00004790       0x1c .\CortexM3\ARM_GCC_541\Debug\GPS_Logger.a(SD_SPIM.o)
                0x00004790                SD_SPIM_Start
 .text.SD_SPIM_EnableInt
                0x000047ac        0x4 .\CortexM3\ARM_GCC_541\Debug\GPS_Logger.a(SD_SPIM.o)
                0x000047ac                SD_SPIM_EnableInt
 .text.SD_SPIM_ReadStatus
                0x000047b0       0x18 .\CortexM3\ARM_GCC_541\Debug\GPS_Logger.a(SD_SPIM.o)
                0x000047b0                SD_SPIM_ReadStatus
 .text.SD_CSn_Write
                0x000047c8       0x18 .\CortexM3\ARM_GCC_541\Debug\GPS_Logger.a(SD_CSn.o)
                0x000047c8                SD_CSn_Write
 .text.isr_Tick_Timer_SetVector
                0x000047e0        0xc .\CortexM3\ARM_GCC_541\Debug\GPS_Logger.a(isr_Tick_Timer.o)
                0x000047e0                isr_Tick_Timer_SetVector
 .text.isr_Tick_Timer_SetPriority
                0x000047ec       0x10 .\CortexM3\ARM_GCC_541\Debug\GPS_Logger.a(isr_Tick_Timer.o)
                0x000047ec                isr_Tick_Timer_SetPriority
 .text.isr_Tick_Timer_Enable
                0x000047fc        0xc .\CortexM3\ARM_GCC_541\Debug\GPS_Logger.a(isr_Tick_Timer.o)
                0x000047fc                isr_Tick_Timer_Enable
 .text.isr_Tick_Timer_Disable
                0x00004808        0xc .\CortexM3\ARM_GCC_541\Debug\GPS_Logger.a(isr_Tick_Timer.o)
                0x00004808                isr_Tick_Timer_Disable
 .text.isr_Tick_Timer_StartEx
                0x00004814       0x1c .\CortexM3\ARM_GCC_541\Debug\GPS_Logger.a(isr_Tick_Timer.o)
                0x00004814                isr_Tick_Timer_StartEx
 .text.Clock_3_GetDividerRegister
                0x00004830        0xc .\CortexM3\ARM_GCC_541\Debug\GPS_Logger.a(Clock_3.o)
                0x00004830                Clock_3_GetDividerRegister
 .text.Clock_3_GetSourceRegister
                0x0000483c       0x10 .\CortexM3\ARM_GCC_541\Debug\GPS_Logger.a(Clock_3.o)
                0x0000483c                Clock_3_GetSourceRegister
 .text.Clock_3_SetDividerRegister
                0x0000484c       0xdc .\CortexM3\ARM_GCC_541\Debug\GPS_Logger.a(Clock_3.o)
                0x0000484c                Clock_3_SetDividerRegister
 .text.LED0_Write
                0x00004928       0x18 .\CortexM3\ARM_GCC_541\Debug\GPS_Logger.a(LED0.o)
                0x00004928                LED0_Write
 .text.isr_UART_DEBUG_RXI_SetVector
                0x00004940        0xc .\CortexM3\ARM_GCC_541\Debug\GPS_Logger.a(isr_UART_DEBUG_RXI.o)
                0x00004940                isr_UART_DEBUG_RXI_SetVector
 .text.isr_UART_DEBUG_RXI_SetPriority
                0x0000494c       0x10 .\CortexM3\ARM_GCC_541\Debug\GPS_Logger.a(isr_UART_DEBUG_RXI.o)
                0x0000494c                isr_UART_DEBUG_RXI_SetPriority
 .text.isr_UART_DEBUG_RXI_Enable
                0x0000495c        0xc .\CortexM3\ARM_GCC_541\Debug\GPS_Logger.a(isr_UART_DEBUG_RXI.o)
                0x0000495c                isr_UART_DEBUG_RXI_Enable
 .text.isr_UART_DEBUG_RXI_Disable
                0x00004968        0xc .\CortexM3\ARM_GCC_541\Debug\GPS_Logger.a(isr_UART_DEBUG_RXI.o)
                0x00004968                isr_UART_DEBUG_RXI_Disable
 .text.isr_UART_DEBUG_RXI_StartEx
                0x00004974       0x1c .\CortexM3\ARM_GCC_541\Debug\GPS_Logger.a(isr_UART_DEBUG_RXI.o)
                0x00004974                isr_UART_DEBUG_RXI_StartEx
 .text.isr_UART_GPS_RXI_SetVector
                0x00004990        0xc .\CortexM3\ARM_GCC_541\Debug\GPS_Logger.a(isr_UART_GPS_RXI.o)
                0x00004990                isr_UART_GPS_RXI_SetVector
 .text.isr_UART_GPS_RXI_SetPriority
                0x0000499c       0x10 .\CortexM3\ARM_GCC_541\Debug\GPS_Logger.a(isr_UART_GPS_RXI.o)
                0x0000499c                isr_UART_GPS_RXI_SetPriority
 .text.isr_UART_GPS_RXI_Enable
                0x000049ac        0xc .\CortexM3\ARM_GCC_541\Debug\GPS_Logger.a(isr_UART_GPS_RXI.o)
                0x000049ac                isr_UART_GPS_RXI_Enable
 .text.isr_UART_GPS_RXI_Disable
                0x000049b8        0xc .\CortexM3\ARM_GCC_541\Debug\GPS_Logger.a(isr_UART_GPS_RXI.o)
                0x000049b8                isr_UART_GPS_RXI_Disable
 .text.isr_UART_GPS_RXI_StartEx
                0x000049c4       0x1c .\CortexM3\ARM_GCC_541\Debug\GPS_Logger.a(isr_UART_GPS_RXI.o)
                0x000049c4                isr_UART_GPS_RXI_StartEx
 .text.Timer1_WriteCounter
                0x000049e0        0xc .\CortexM3\ARM_GCC_541\Debug\GPS_Logger.a(Timer1.o)
                0x000049e0                Timer1_WriteCounter
 .text.Timer1_ReadCounter
                0x000049ec       0x14 .\CortexM3\ARM_GCC_541\Debug\GPS_Logger.a(Timer1.o)
                0x000049ec                Timer1_ReadCounter
 .text.Timer2_WriteCounter
                0x00004a00        0xc .\CortexM3\ARM_GCC_541\Debug\GPS_Logger.a(Timer2.o)
                0x00004a00                Timer2_WriteCounter
 .text.Timer2_ReadCounter
                0x00004a0c       0x14 .\CortexM3\ARM_GCC_541\Debug\GPS_Logger.a(Timer2.o)
                0x00004a0c                Timer2_ReadCounter
 .text.Timer2_Reset_Write
                0x00004a20        0xc .\CortexM3\ARM_GCC_541\Debug\GPS_Logger.a(Timer2_Reset.o)
                0x00004a20                Timer2_Reset_Write
 .text.Timer1_Reset_Write
                0x00004a2c        0xc .\CortexM3\ARM_GCC_541\Debug\GPS_Logger.a(Timer1_Reset.o)
                0x00004a2c                Timer1_Reset_Write
 .text.SAKURA_SPIM_Enable
                0x00004a38       0x34 .\CortexM3\ARM_GCC_541\Debug\GPS_Logger.a(SAKURA_SPIM.o)
                0x00004a38                SAKURA_SPIM_Enable
 .text.SAKURA_SPIM_ReadTxStatus
                0x00004a6c        0xc .\CortexM3\ARM_GCC_541\Debug\GPS_Logger.a(SAKURA_SPIM.o)
                0x00004a6c                SAKURA_SPIM_ReadTxStatus
 .text.SAKURA_SPIM_ReadRxStatus
                0x00004a78        0xc .\CortexM3\ARM_GCC_541\Debug\GPS_Logger.a(SAKURA_SPIM.o)
                0x00004a78                SAKURA_SPIM_ReadRxStatus
 .text.SAKURA_SPIM_WriteTxData
                0x00004a84       0x18 .\CortexM3\ARM_GCC_541\Debug\GPS_Logger.a(SAKURA_SPIM.o)
                0x00004a84                SAKURA_SPIM_WriteTxData
 .text.SAKURA_SPIM_ReadRxData
                0x00004a9c        0xc .\CortexM3\ARM_GCC_541\Debug\GPS_Logger.a(SAKURA_SPIM.o)
                0x00004a9c                SAKURA_SPIM_ReadRxData
 .text.SAKURA_SPIM_ClearRxBuffer
                0x00004aa8       0x1c .\CortexM3\ARM_GCC_541\Debug\GPS_Logger.a(SAKURA_SPIM.o)
                0x00004aa8                SAKURA_SPIM_ClearRxBuffer
 .text.SAKURA_SPIM_ClearFIFO
                0x00004ac4       0x3c .\CortexM3\ARM_GCC_541\Debug\GPS_Logger.a(SAKURA_SPIM.o)
                0x00004ac4                SAKURA_SPIM_ClearFIFO
 .text.SAKURA_SPIM_Init
                0x00004b00       0x2c .\CortexM3\ARM_GCC_541\Debug\GPS_Logger.a(SAKURA_SPIM.o)
                0x00004b00                SAKURA_SPIM_Init
 .text.SAKURA_SPIM_Start
                0x00004b2c       0x1c .\CortexM3\ARM_GCC_541\Debug\GPS_Logger.a(SAKURA_SPIM.o)
                0x00004b2c                SAKURA_SPIM_Start
 .text.SAKURA_SPIM_EnableInt
                0x00004b48        0x4 .\CortexM3\ARM_GCC_541\Debug\GPS_Logger.a(SAKURA_SPIM.o)
                0x00004b48                SAKURA_SPIM_EnableInt
 .text.SAKURA_CSn_Write
                0x00004b4c       0x18 .\CortexM3\ARM_GCC_541\Debug\GPS_Logger.a(SAKURA_CSn.o)
                0x00004b4c                SAKURA_CSn_Write
 .text.SAKURA_SPIM_IntClock_Start
                0x00004b64       0x1c .\CortexM3\ARM_GCC_541\Debug\GPS_Logger.a(SAKURA_SPIM_IntClock.o)
                0x00004b64                SAKURA_SPIM_IntClock_Start
 .text.ACC_Sleep_Read
                0x00004b80       0x10 .\CortexM3\ARM_GCC_541\Debug\GPS_Logger.a(ACC_Sleep.o)
                0x00004b80                ACC_Sleep_Read
 .text          0x00004b90       0x20 .\CortexM3\ARM_GCC_541\Debug\GPS_Logger.a(CyBootAsmGnu.o)
                0x00004b90                CyDelayCycles
                0x00004ba0                CyEnterCriticalSection
                0x00004ba8                CyExitCriticalSection
 .text          0x00004bb0      0x21c c:/program files (x86)/cypress/psoc creator/4.2/psoc creator/import/gnu/arm/5.4.1/bin/../lib/gcc/arm-none-eabi/5.4.1/armv7-m\libgcc.a(_arm_addsubsf3.o)
                0x00004bb0                __aeabi_frsub
                0x00004bb8                __subsf3
                0x00004bb8                __aeabi_fsub
                0x00004bbc                __aeabi_fadd
                0x00004bbc                __addsf3
                0x00004d1c                __aeabi_ui2f
                0x00004d1c                __floatunsisf
                0x00004d24                __aeabi_i2f
                0x00004d24                __floatsisf
                0x00004d40                __aeabi_ul2f
                0x00004d40                __floatundisf
                0x00004d50                __aeabi_l2f
                0x00004d50                __floatdisf
 .text          0x00004dcc      0x2a0 c:/program files (x86)/cypress/psoc creator/4.2/psoc creator/import/gnu/arm/5.4.1/bin/../lib/gcc/arm-none-eabi/5.4.1/armv7-m\libgcc.a(_arm_muldivsf3.o)
                0x00004dcc                __mulsf3
                0x00004dcc                __aeabi_fmul
                0x00004f34                __aeabi_fdiv
                0x00004f34                __divsf3
 .text          0x0000506c       0x30 c:/program files (x86)/cypress/psoc creator/4.2/psoc creator/import/gnu/arm/5.4.1/bin/../lib/gcc/arm-none-eabi/5.4.1/armv7-m\libgcc.a(_aeabi_uldivmod.o)
                0x0000506c                __aeabi_uldivmod
 .text          0x0000509c      0x2ec c:/program files (x86)/cypress/psoc creator/4.2/psoc creator/import/gnu/arm/5.4.1/bin/../lib/gcc/arm-none-eabi/5.4.1/armv7-m\libgcc.a(_udivmoddi4.o)
                0x0000509c                __udivmoddi4
 .text          0x00005388        0x4 c:/program files (x86)/cypress/psoc creator/4.2/psoc creator/import/gnu/arm/5.4.1/bin/../lib/gcc/arm-none-eabi/5.4.1/armv7-m\libgcc.a(_dvmd_tls.o)
                0x00005388                __aeabi_idiv0
                0x00005388                __aeabi_ldiv0
 .text.__errno  0x0000538c        0xc c:/program files (x86)/cypress/psoc creator/4.2/psoc creator/import/gnu/arm/5.4.1/bin/../lib/gcc/arm-none-eabi/5.4.1/../../../../arm-none-eabi/lib/armv7-m\libg_nano.a(lib_a-errno.o)
                0x0000538c                __errno
 .text.__libc_init_array
                0x00005398       0x4c c:/program files (x86)/cypress/psoc creator/4.2/psoc creator/import/gnu/arm/5.4.1/bin/../lib/gcc/arm-none-eabi/5.4.1/../../../../arm-none-eabi/lib/armv7-m\libg_nano.a(lib_a-init.o)
                0x00005398                __libc_init_array
 .text.memcpy   0x000053e4       0x16 c:/program files (x86)/cypress/psoc creator/4.2/psoc creator/import/gnu/arm/5.4.1/bin/../lib/gcc/arm-none-eabi/5.4.1/../../../../arm-none-eabi/lib/armv7-m\libg_nano.a(lib_a-memcpy-stub.o)
                0x000053e4                memcpy
 .text.memset   0x000053fa       0x10 c:/program files (x86)/cypress/psoc creator/4.2/psoc creator/import/gnu/arm/5.4.1/bin/../lib/gcc/arm-none-eabi/5.4.1/../../../../arm-none-eabi/lib/armv7-m\libg_nano.a(lib_a-memset.o)
                0x000053fa                memset
 .text          0x0000540a       0x14 c:/program files (x86)/cypress/psoc creator/4.2/psoc creator/import/gnu/arm/5.4.1/bin/../lib/gcc/arm-none-eabi/5.4.1/../../../../arm-none-eabi/lib/armv7-m\libg_nano.a(lib_a-strcmp.o)
                0x0000540a                strcmp
 .text.strcpy   0x0000541e       0x10 c:/program files (x86)/cypress/psoc creator/4.2/psoc creator/import/gnu/arm/5.4.1/bin/../lib/gcc/arm-none-eabi/5.4.1/../../../../arm-none-eabi/lib/armv7-m\libg_nano.a(lib_a-strcpy.o)
                0x0000541e                strcpy
 .text          0x0000542e       0x10 c:/program files (x86)/cypress/psoc creator/4.2/psoc creator/import/gnu/arm/5.4.1/bin/../lib/gcc/arm-none-eabi/5.4.1/../../../../arm-none-eabi/lib/armv7-m\libg_nano.a(lib_a-strlen.o)
                0x0000542e                strlen
 *fill*         0x0000543e        0x2 
 .text._strtol_r
                0x00005440      0x10c c:/program files (x86)/cypress/psoc creator/4.2/psoc creator/import/gnu/arm/5.4.1/bin/../lib/gcc/arm-none-eabi/5.4.1/../../../../arm-none-eabi/lib/armv7-m\libg_nano.a(lib_a-strtol.o)
                0x00005440                _strtol_r
 .text.strtol   0x0000554c       0x14 c:/program files (x86)/cypress/psoc creator/4.2/psoc creator/import/gnu/arm/5.4.1/bin/../lib/gcc/arm-none-eabi/5.4.1/../../../../arm-none-eabi/lib/armv7-m\libg_nano.a(lib_a-strtol.o)
                0x0000554c                strtol
 *(.plt)
 *(.gnu.warning)
 *(.glue_7t)
 .glue_7t       0x00005560        0x0 linker stubs
 *(.glue_7)
 .glue_7        0x00005560        0x0 linker stubs
 *(.vfp11_veneer)
 .vfp11_veneer  0x00005560        0x0 linker stubs
 *(.bootloader)
 *(.ARM.extab* .gnu.linkonce.armextab.*)
 *(.gcc_except_table)

.v4_bx          0x00005560        0x0
 .v4_bx         0x00005560        0x0 linker stubs

.iplt           0x00005560        0x0
 .iplt          0x00005560        0x0 c:/program files (x86)/cypress/psoc creator/4.2/psoc creator/import/gnu/arm/5.4.1/bin/../lib/gcc/arm-none-eabi/5.4.1/armv7-m/crtbegin.o

.eh_frame_hdr
 *(.eh_frame_hdr)

.eh_frame       0x00005560        0x4
 *(.eh_frame)
 .eh_frame      0x00005560        0x0 c:/program files (x86)/cypress/psoc creator/4.2/psoc creator/import/gnu/arm/5.4.1/bin/../lib/gcc/arm-none-eabi/5.4.1/armv7-m/crtbegin.o
 .eh_frame      0x00005560        0x4 c:/program files (x86)/cypress/psoc creator/4.2/psoc creator/import/gnu/arm/5.4.1/bin/../lib/gcc/arm-none-eabi/5.4.1/armv7-m/crtend.o
                [!provide]                PROVIDE (__exidx_start, .)

.ARM.exidx      0x00005564        0x8
 *(.ARM.exidx* .gnu.linkonce.armexidx.*)
 .ARM.exidx     0x00005564        0x8 c:/program files (x86)/cypress/psoc creator/4.2/psoc creator/import/gnu/arm/5.4.1/bin/../lib/gcc/arm-none-eabi/5.4.1/armv7-m\libgcc.a(_udivmoddi4.o)
                0x0000556c                __exidx_end = .

.rodata         0x0000556c      0x584
 *(.rodata .rodata.* .gnu.linkonce.r.*)
 .rodata.str1.4
                0x0000556c      0x29c .\CortexM3\ARM_GCC_541\Debug\main.o
                                0x2a0 (size before relaxing)
 .rodata.str1.4
                0x00005808        0xf .\CortexM3\ARM_GCC_541\Debug\ff.o
 *fill*         0x00005817        0x1 
 .rodata.str1.4
                0x00005818        0xe .\CortexM3\ARM_GCC_541\Debug\mmc.o
 *fill*         0x00005826        0x2 
 .rodata.str1.4
                0x00005828       0x89 .\CortexM3\ARM_GCC_541\Debug\SakuraIOc.o
 *fill*         0x000058b1        0x3 
 .rodata.str1.4
                0x000058b4       0x9c .\CortexM3\ARM_GCC_541\Debug\minmea.o
                                 0xa4 (size before relaxing)
 .rodata        0x00005950       0x64 .\CortexM3\ARM_GCC_541\Debug\cyfitter_cfg.o
 .rodata._ctype_
                0x000059b4      0x101 c:/program files (x86)/cypress/psoc creator/4.2/psoc creator/import/gnu/arm/5.4.1/bin/../lib/gcc/arm-none-eabi/5.4.1/../../../../arm-none-eabi/lib/armv7-m\libg_nano.a(lib_a-ctype_.o)
                0x000059b4                _ctype_
 .rodata.str1.1
                0x00005ab5        0x2 c:/program files (x86)/cypress/psoc creator/4.2/psoc creator/import/gnu/arm/5.4.1/bin/../lib/gcc/arm-none-eabi/5.4.1/../../../../arm-none-eabi/lib/armv7-m\libg_nano.a(lib_a-impure.o)
                0x00005ab8                . = ALIGN (0x4)
 *fill*         0x00005ab7        0x1 
 *(.init)
 .init          0x00005ab8        0x4 c:/program files (x86)/cypress/psoc creator/4.2/psoc creator/import/gnu/arm/5.4.1/bin/../lib/gcc/arm-none-eabi/5.4.1/armv7-m/crti.o
                0x00005ab8                _init
 .init          0x00005abc        0x8 c:/program files (x86)/cypress/psoc creator/4.2/psoc creator/import/gnu/arm/5.4.1/bin/../lib/gcc/arm-none-eabi/5.4.1/armv7-m/crtn.o
                0x00005ac4                . = ALIGN (0x4)
                0x00005ac4                __preinit_array_start = .
 *(.preinit_array)
                0x00005ac4                __preinit_array_end = .
                0x00005ac4                . = ALIGN (0x4)
                0x00005ac4                __init_array_start = .
 *(SORT(.init_array.*))
 *(.init_array)
 .init_array    0x00005ac4        0x4 c:/program files (x86)/cypress/psoc creator/4.2/psoc creator/import/gnu/arm/5.4.1/bin/../lib/gcc/arm-none-eabi/5.4.1/armv7-m/crtbegin.o
 .init_array    0x00005ac8        0x4 .\CortexM3\ARM_GCC_541\Debug\Cm3Start.o
                0x00005acc                __init_array_end = .
                0x00005acc                . = ALIGN (0x4)
 *(.fini)
 .fini          0x00005acc        0x4 c:/program files (x86)/cypress/psoc creator/4.2/psoc creator/import/gnu/arm/5.4.1/bin/../lib/gcc/arm-none-eabi/5.4.1/armv7-m/crti.o
                0x00005acc                _fini
 .fini          0x00005ad0        0x8 c:/program files (x86)/cypress/psoc creator/4.2/psoc creator/import/gnu/arm/5.4.1/bin/../lib/gcc/arm-none-eabi/5.4.1/armv7-m/crtn.o
                0x00005ad8                . = ALIGN (0x4)
                0x00005ad8                __fini_array_start = .
 *(.fini_array)
 .fini_array    0x00005ad8        0x4 c:/program files (x86)/cypress/psoc creator/4.2/psoc creator/import/gnu/arm/5.4.1/bin/../lib/gcc/arm-none-eabi/5.4.1/armv7-m/crtbegin.o
 *(SORT(.fini_array.*))
                0x00005adc                __fini_array_end = .
                0x00005adc                . = ALIGN (0x4)
 *crtbegin.o(.ctors)
 *(EXCLUDE_FILE(*crtend.o) .ctors)
 *(SORT(.ctors.*))
 *crtend.o(.ctors)
                0x00005adc                . = ALIGN (0x4)
 *crtbegin.o(.dtors)
 *(EXCLUDE_FILE(*crtend.o) .dtors)
 *(SORT(.dtors.*))
 *crtend.o(.dtors)
                0x00005adc                . = ALIGN (0x4)
                0x00005adc                __cy_regions = .
                0x00005adc        0x4 LONG 0x5af0 __cy_region_init_ram
                0x00005ae0        0x4 LONG 0x1fff80c8 __cy_region_start_data
                0x00005ae4        0x4 LONG 0x80 __cy_region_init_size_ram
                0x00005ae8        0x4 LONG 0xbd8 __cy_region_zero_size_ram
                0x00005aec                __cy_regions_end = .
                0x00005af0                . = ALIGN (0x8)
 *fill*         0x00005aec        0x4 
                0x00005af0                _etext = .

.cy_checksum_exclude
                0x00005af0        0x0
 *(.cy_checksum_exclude)

.ramvectors     0x1fff8000       0xc0
                0x1fff8000                __cy_region_start_ram = .
 *(.ramvectors)
 .ramvectors    0x1fff8000       0xc0 .\CortexM3\ARM_GCC_541\Debug\Cm3Start.o
                0x1fff8000                CyRamVectors

.noinit         0x1fff80c0        0x1
 *(.noinit)
 .noinit        0x1fff80c0        0x1 .\CortexM3\ARM_GCC_541\Debug\GPS_Logger.a(CyLib.o)
                0x1fff80c0                CyResetStatus

.data           0x1fff80c8       0x80 load address 0x00005af0
                0x1fff80c8                __cy_region_start_data = .
 *(.jcr)
 .jcr           0x1fff80c8        0x0 c:/program files (x86)/cypress/psoc creator/4.2/psoc creator/import/gnu/arm/5.4.1/bin/../lib/gcc/arm-none-eabi/5.4.1/armv7-m/crtbegin.o
 .jcr           0x1fff80c8        0x4 c:/program files (x86)/cypress/psoc creator/4.2/psoc creator/import/gnu/arm/5.4.1/bin/../lib/gcc/arm-none-eabi/5.4.1/armv7-m/crtend.o
 *(.got.plt)
 *(.got)
 *(.shdata)
 *(.data .data.* .gnu.linkonce.d.*)
 .data          0x1fff80cc        0x1 .\CortexM3\ARM_GCC_541\Debug\mmc.o
 *fill*         0x1fff80cd        0x3 
 .data          0x1fff80d0       0x10 .\CortexM3\ARM_GCC_541\Debug\GPS_Logger.a(CyLib.o)
                0x1fff80d0                cydelay_32k_ms
                0x1fff80d4                cydelay_freq_khz
                0x1fff80d8                cydelay_freq_mhz
                0x1fff80dc                cydelay_freq_hz
 .data.__ctype_ptr__
                0x1fff80e0        0x4 c:/program files (x86)/cypress/psoc creator/4.2/psoc creator/import/gnu/arm/5.4.1/bin/../lib/gcc/arm-none-eabi/5.4.1/../../../../arm-none-eabi/lib/armv7-m\libg_nano.a(lib_a-ctype_.o)
                0x1fff80e0                __ctype_ptr__
 .data.impure_data
                0x1fff80e4       0x60 c:/program files (x86)/cypress/psoc creator/4.2/psoc creator/import/gnu/arm/5.4.1/bin/../lib/gcc/arm-none-eabi/5.4.1/../../../../arm-none-eabi/lib/armv7-m\libg_nano.a(lib_a-impure.o)
 .data._impure_ptr
                0x1fff8144        0x4 c:/program files (x86)/cypress/psoc creator/4.2/psoc creator/import/gnu/arm/5.4.1/bin/../lib/gcc/arm-none-eabi/5.4.1/../../../../arm-none-eabi/lib/armv7-m\libg_nano.a(lib_a-impure.o)
                0x1fff8144                _impure_ptr
                0x1fff8148                . = ALIGN (0x8)
 *(.ram)
                0x1fff8148                _edata = .

.igot.plt       0x1fff8148        0x0 load address 0x00005b70
 .igot.plt      0x1fff8148        0x0 c:/program files (x86)/cypress/psoc creator/4.2/psoc creator/import/gnu/arm/5.4.1/bin/../lib/gcc/arm-none-eabi/5.4.1/armv7-m/crtbegin.o

.bss            0x1fff8148      0xbd8 load address 0x00005b70
                0x1fff8148                PROVIDE (__bss_start__, .)
 *(.shbss)
 *(.bss .bss.* .gnu.linkonce.b.*)
 .bss           0x1fff8148       0x1c c:/program files (x86)/cypress/psoc creator/4.2/psoc creator/import/gnu/arm/5.4.1/bin/../lib/gcc/arm-none-eabi/5.4.1/armv7-m/crtbegin.o
 .bss           0x1fff8164      0x158 .\CortexM3\ARM_GCC_541\Debug\main.o
                0x1fff8164                SCI_BYTES_READ
                0x1fff8168                SCI_RX_DAT
                0x1fff81a8                SCI_DATASIZE
                0x1fff81a9                SCI_STR_EXIST
                0x1fff81aa                DEC_count
                0x1fff81ac                PERI_SPIM_SENDBUF
                0x1fff81bc                PERI_SPIM_READBUF
                0x1fff81cc                BME_INIT_DONE
                0x1fff81cd                hoge_GPSDATA_COUNT
                0x1fff81d0                GPS_RX_DAT
                0x1fff8220                GPS_STR_EXIST
                0x1fff8221                GPS_BYTES_READ
                0x1fff8222                GPS_DATASIZE
                0x1fff8224                TickTimer1Hz
                0x1fff8228                SD_DET_FLAG
                0x1fff822c                TickValue
                0x1fff8230                sakura_io_INIT_DONE
                0x1fff8234                i
                0x1fff82b8                j
 .bss           0x1fff82bc        0x4 .\CortexM3\ARM_GCC_541\Debug\xprintf.o
 .bss           0x1fff82c0        0x6 .\CortexM3\ARM_GCC_541\Debug\ff.o
 *fill*         0x1fff82c6        0x2 
 .bss           0x1fff82c8        0x4 .\CortexM3\ARM_GCC_541\Debug\mmc.o
 .bss           0x1fff82cc        0x7 .\CortexM3\ARM_GCC_541\Debug\GPS_Logger.a(UART_DEBUG.o)
                0x1fff82cc                UART_DEBUG_errorStatus
                0x1fff82cd                UART_DEBUG_initVar
                0x1fff82ce                UART_DEBUG_rxBufferRead
                0x1fff82cf                UART_DEBUG_rxBufferWrite
                0x1fff82d0                UART_DEBUG_rxBufferLoopDetect
                0x1fff82d1                UART_DEBUG_rxBufferOverflow
 .bss           0x1fff82d3        0x7 .\CortexM3\ARM_GCC_541\Debug\GPS_Logger.a(UART_GPS.o)
                0x1fff82d3                UART_GPS_errorStatus
                0x1fff82d4                UART_GPS_initVar
                0x1fff82d5                UART_GPS_rxBufferRead
                0x1fff82d6                UART_GPS_rxBufferWrite
                0x1fff82d7                UART_GPS_rxBufferLoopDetect
                0x1fff82d8                UART_GPS_rxBufferOverflow
 .bss           0x1fff82da        0x7 .\CortexM3\ARM_GCC_541\Debug\GPS_Logger.a(UART_VMON.o)
                0x1fff82da                UART_VMON_errorStatus
                0x1fff82db                UART_VMON_initVar
                0x1fff82dc                UART_VMON_rxBufferRead
                0x1fff82dd                UART_VMON_rxBufferWrite
                0x1fff82de                UART_VMON_rxBufferLoopDetect
                0x1fff82df                UART_VMON_rxBufferOverflow
 .bss           0x1fff82e1        0x1 .\CortexM3\ARM_GCC_541\Debug\GPS_Logger.a(PERI_SPIM.o)
                0x1fff82e1                PERI_SPIM_initVar
 .bss           0x1fff82e2        0x1 .\CortexM3\ARM_GCC_541\Debug\GPS_Logger.a(SD_SPIM.o)
                0x1fff82e2                SD_SPIM_initVar
 .bss           0x1fff82e3        0x1 .\CortexM3\ARM_GCC_541\Debug\GPS_Logger.a(SAKURA_SPIM.o)
                0x1fff82e3                SAKURA_SPIM_initVar
 *(COMMON)
 COMMON         0x1fff82e4      0xa18 .\CortexM3\ARM_GCC_541\Debug\main.o
                0x1fff82e4                gsv_frame
                0x1fff8330                b
                0x1fff8334                w1
                0x1fff8338                rmc_frame
                0x1fff8380                p2
                0x1fff8384                fs
                0x1fff8388                Finfo
                0x1fff83a0                write_bytes
                0x1fff83a4                fi
                0x1fff83bc                acc_dirs
                0x1fff83c0                line
                0x1fff8410                acc_files
                0x1fff8414                gst_frame
                0x1fff845c                gga_frame
                0x1fff84a8                vtg_frame
                0x1fff84cc                gll_frame
                0x1fff84f0                file
                0x1fff8714                zda_frame
                0x1fff8738                acc_size
                0x1fff873c                rootdir
                0x1fff8758                gsa_frame
                0x1fff87a8                res
                0x1fff87ac                GPSDATA
                0x1fff8acc                fatfs
 COMMON         0x1fff8cfc        0x8 .\CortexM3\ARM_GCC_541\Debug\xprintf.o
                0x1fff8cfc                xfunc_in
                0x1fff8d00                xfunc_out
 COMMON         0x1fff8d04        0x8 .\CortexM3\ARM_GCC_541\Debug\GPS_Logger.a(UART_DEBUG.o)
                0x1fff8d04                UART_DEBUG_rxBuffer
 COMMON         0x1fff8d0c        0x8 .\CortexM3\ARM_GCC_541\Debug\GPS_Logger.a(UART_GPS.o)
                0x1fff8d0c                UART_GPS_rxBuffer
 COMMON         0x1fff8d14        0x8 .\CortexM3\ARM_GCC_541\Debug\GPS_Logger.a(UART_VMON.o)
                0x1fff8d14                UART_VMON_rxBuffer
                0x1fff8d20                . = ALIGN (0x8)
 *fill*         0x1fff8d1c        0x4 
 *(.ram.b)
                0x1fff8d20                _end = .
                0x1fff8d20                __end = .
                0x1fff8d20                PROVIDE (end, .)
                0x1fff8d20                PROVIDE (__bss_end__, .)
                0x00005af0                __cy_region_init_ram = LOADADDR (.data)
                0x00000080                __cy_region_init_size_ram = (_edata - ADDR (.data))
                0x00000bd8                __cy_region_zero_size_ram = (_end - _edata)

.heap           0x1fff8d20       0x80 load address 0x00005b70
                0x1fff8d20                . = _end
                0x1fff8da0                . = (. + 0x80)
 *fill*         0x1fff8d20       0x80 
                0x1fff8da0                __cy_heap_limit = .

.stack          0x20007800      0x800
                0x20007800                __cy_stack_limit = .
                0x20008000                . = (. + 0x800)
 *fill*         0x20007800      0x800 
                0x00000001                ASSERT ((__cy_stack_limit >= __cy_heap_limit), region RAM overflowed with stack)
                0x00000000                cy_checksum_exclude_size = (CY_APPL_LOADABLE == 0x1)?SIZEOF (.cy_checksum_exclude):0x0
                0x00000001                ASSERT ((cy_checksum_exclude_size <= CY_CHECKSUM_EXCLUDE_SIZE), CY_BOOT: Section .cy_checksum_exclude size exceedes specified limit.)

.cyloadermeta
 *(.cyloadermeta)

.cyloadablemeta
 *(.cyloadablemeta)

.cyconfigecc    0x80000000     0x127c
 *(.cyconfigecc)
 .cyconfigecc   0x80000000     0x127c .\CortexM3\ARM_GCC_541\Debug\cymetadata.o
                0x80000000                cy_meta_configecc

.cycustnvl      0x90000000        0x4
 *(.cycustnvl)
 .cycustnvl     0x90000000        0x4 .\CortexM3\ARM_GCC_541\Debug\cymetadata.o
                0x90000000                cy_meta_custnvl

.cywolatch      0x90100000        0x4
 *(.cywolatch)
 .cywolatch     0x90100000        0x4 .\CortexM3\ARM_GCC_541\Debug\cymetadata.o
                0x90100000                cy_meta_wonvl

.cyeeprom       0x90200000        0x0
 *(.cyeeprom)
                0x00000001                ASSERT ((. <= ((0x90200000 + ee_offset) + ee_size)), .cyeeprom data will not fit in EEPROM)

.cyflashprotect
                0x90400000      0x100
 *(.cyflashprotect)
 .cyflashprotect
                0x90400000      0x100 .\CortexM3\ARM_GCC_541\Debug\cymetadata.o
                0x90400000                cy_meta_flashprotect

.cymeta         0x90500000        0xc
 *(.cymeta)
 .cymeta        0x90500000        0xc .\CortexM3\ARM_GCC_541\Debug\cymetadata.o
                0x90500000                cy_metadata

.rel.dyn        0x00005b70        0x0 load address 0x9050000c
 .rel.iplt      0x00005b70        0x0 c:/program files (x86)/cypress/psoc creator/4.2/psoc creator/import/gnu/arm/5.4.1/bin/../lib/gcc/arm-none-eabi/5.4.1/armv7-m/crtbegin.o

.stab
 *(.stab)

.stabstr
 *(.stabstr)

.debug
 *(.debug)

.line
 *(.line)

.debug_srcinfo
 *(.debug_srcinfo)

.debug_sfnames
 *(.debug_sfnames)

.debug_aranges  0x00000000     0x1828
 *(.debug_aranges)
 .debug_aranges
                0x00000000       0xa0 .\CortexM3\ARM_GCC_541\Debug\main.o
 .debug_aranges
                0x000000a0       0x70 .\CortexM3\ARM_GCC_541\Debug\xprintf.o
 .debug_aranges
                0x00000110      0x1b0 .\CortexM3\ARM_GCC_541\Debug\ff.o
 .debug_aranges
                0x000002c0       0x98 .\CortexM3\ARM_GCC_541\Debug\mmc.o
 .debug_aranges
                0x00000358      0x1f0 .\CortexM3\ARM_GCC_541\Debug\SakuraIOc.o
 .debug_aranges
                0x00000548       0x58 .\CortexM3\ARM_GCC_541\Debug\SakuraIOc_spi.o
 .debug_aranges
                0x000005a0       0x90 .\CortexM3\ARM_GCC_541\Debug\minmea.o
 .debug_aranges
                0x00000630       0x50 .\CortexM3\ARM_GCC_541\Debug\cyfitter_cfg.o
 .debug_aranges
                0x00000680       0x18 .\CortexM3\ARM_GCC_541\Debug\cymetadata.o
 .debug_aranges
                0x00000698       0x48 .\CortexM3\ARM_GCC_541\Debug\Cm3Start.o
 .debug_aranges
                0x000006e0       0xf0 .\CortexM3\ARM_GCC_541\Debug\GPS_Logger.a(UART_DEBUG.o)
 .debug_aranges
                0x000007d0       0x20 .\CortexM3\ARM_GCC_541\Debug\GPS_Logger.a(UART_DEBUG_INT.o)
 .debug_aranges
                0x000007f0       0xf0 .\CortexM3\ARM_GCC_541\Debug\GPS_Logger.a(UART_GPS.o)
 .debug_aranges
                0x000008e0       0x20 .\CortexM3\ARM_GCC_541\Debug\GPS_Logger.a(UART_GPS_INT.o)
 .debug_aranges
                0x00000900       0xf0 .\CortexM3\ARM_GCC_541\Debug\GPS_Logger.a(UART_VMON.o)
 .debug_aranges
                0x000009f0       0x20 .\CortexM3\ARM_GCC_541\Debug\GPS_Logger.a(UART_VMON_INT.o)
 .debug_aranges
                0x00000a10       0x38 .\CortexM3\ARM_GCC_541\Debug\GPS_Logger.a(BME280_CSn.o)
 .debug_aranges
                0x00000a48       0x38 .\CortexM3\ARM_GCC_541\Debug\GPS_Logger.a(SakuraIO_WAKE_IN.o)
 .debug_aranges
                0x00000a80       0x38 .\CortexM3\ARM_GCC_541\Debug\GPS_Logger.a(SakuraIO_WAKE_OUT.o)
 .debug_aranges
                0x00000ab8       0x70 .\CortexM3\ARM_GCC_541\Debug\GPS_Logger.a(UART_DEBUG_IntClock.o)
 .debug_aranges
                0x00000b28       0x70 .\CortexM3\ARM_GCC_541\Debug\GPS_Logger.a(UART_GPS_IntClock.o)
 .debug_aranges
                0x00000b98       0x70 .\CortexM3\ARM_GCC_541\Debug\GPS_Logger.a(UART_VMON_IntClock.o)
 .debug_aranges
                0x00000c08      0x2a0 .\CortexM3\ARM_GCC_541\Debug\GPS_Logger.a(CyLib.o)
 .debug_aranges
                0x00000ea8       0x98 .\CortexM3\ARM_GCC_541\Debug\GPS_Logger.a(cyPm.o)
 .debug_aranges
                0x00000f40       0xd8 .\CortexM3\ARM_GCC_541\Debug\GPS_Logger.a(PERI_SPIM.o)
 .debug_aranges
                0x00001018       0xd8 .\CortexM3\ARM_GCC_541\Debug\GPS_Logger.a(SD_SPIM.o)
 .debug_aranges
                0x000010f0       0x38 .\CortexM3\ARM_GCC_541\Debug\GPS_Logger.a(SD_CSn.o)
 .debug_aranges
                0x00001128       0x80 .\CortexM3\ARM_GCC_541\Debug\GPS_Logger.a(isr_Tick_Timer.o)
 .debug_aranges
                0x000011a8       0x70 .\CortexM3\ARM_GCC_541\Debug\GPS_Logger.a(Clock_3.o)
 .debug_aranges
                0x00001218       0x38 .\CortexM3\ARM_GCC_541\Debug\GPS_Logger.a(LED0.o)
 .debug_aranges
                0x00001250       0x80 .\CortexM3\ARM_GCC_541\Debug\GPS_Logger.a(isr_UART_DEBUG_RXI.o)
 .debug_aranges
                0x000012d0       0x80 .\CortexM3\ARM_GCC_541\Debug\GPS_Logger.a(isr_UART_GPS_RXI.o)
 .debug_aranges
                0x00001350       0x78 .\CortexM3\ARM_GCC_541\Debug\GPS_Logger.a(EEPROM.o)
 .debug_aranges
                0x000013c8       0x98 .\CortexM3\ARM_GCC_541\Debug\GPS_Logger.a(Timer1.o)
 .debug_aranges
                0x00001460       0x98 .\CortexM3\ARM_GCC_541\Debug\GPS_Logger.a(Timer2.o)
 .debug_aranges
                0x000014f8       0x28 .\CortexM3\ARM_GCC_541\Debug\GPS_Logger.a(Timer2_Reset.o)
 .debug_aranges
                0x00001520       0x28 .\CortexM3\ARM_GCC_541\Debug\GPS_Logger.a(Timer1_Reset.o)
 .debug_aranges
                0x00001548       0xd8 .\CortexM3\ARM_GCC_541\Debug\GPS_Logger.a(SAKURA_SPIM.o)
 .debug_aranges
                0x00001620       0x38 .\CortexM3\ARM_GCC_541\Debug\GPS_Logger.a(SAKURA_CSn.o)
 .debug_aranges
                0x00001658       0x70 .\CortexM3\ARM_GCC_541\Debug\GPS_Logger.a(SAKURA_SPIM_IntClock.o)
 .debug_aranges
                0x000016c8       0x38 .\CortexM3\ARM_GCC_541\Debug\GPS_Logger.a(ACC_Sleep.o)
 .debug_aranges
                0x00001700       0x20 .\CortexM3\ARM_GCC_541\Debug\GPS_Logger.a(CyBootAsmGnu.o)
 .debug_aranges
                0x00001720       0x88 .\CortexM3\ARM_GCC_541\Debug\GPS_Logger.a(CyFlash.o)
 .debug_aranges
                0x000017a8       0x80 .\CortexM3\ARM_GCC_541\Debug\GPS_Logger.a(CySpc.o)

.debug_pubnames
 *(.debug_pubnames)

.debug_info     0x00000000    0x11e8f
 *(.debug_info .gnu.linkonce.wi.*)
 .debug_info    0x00000000     0x1fe7 .\CortexM3\ARM_GCC_541\Debug\main.o
 .debug_info    0x00001fe7      0x69f .\CortexM3\ARM_GCC_541\Debug\xprintf.o
 .debug_info    0x00002686     0x2ba1 .\CortexM3\ARM_GCC_541\Debug\ff.o
 .debug_info    0x00005227      0xded .\CortexM3\ARM_GCC_541\Debug\mmc.o
 .debug_info    0x00006014     0x1d11 .\CortexM3\ARM_GCC_541\Debug\SakuraIOc.o
 .debug_info    0x00007d25      0x314 .\CortexM3\ARM_GCC_541\Debug\SakuraIOc_spi.o
 .debug_info    0x00008039     0x172d .\CortexM3\ARM_GCC_541\Debug\minmea.o
 .debug_info    0x00009766      0x5e1 .\CortexM3\ARM_GCC_541\Debug\cyfitter_cfg.o
 .debug_info    0x00009d47      0x139 .\CortexM3\ARM_GCC_541\Debug\cymetadata.o
 .debug_info    0x00009e80      0x3bb .\CortexM3\ARM_GCC_541\Debug\Cm3Start.o
 .debug_info    0x0000a23b      0x72d .\CortexM3\ARM_GCC_541\Debug\GPS_Logger.a(UART_DEBUG.o)
 .debug_info    0x0000a968      0x14c .\CortexM3\ARM_GCC_541\Debug\GPS_Logger.a(UART_DEBUG_INT.o)
 .debug_info    0x0000aab4      0x72d .\CortexM3\ARM_GCC_541\Debug\GPS_Logger.a(UART_GPS.o)
 .debug_info    0x0000b1e1      0x14c .\CortexM3\ARM_GCC_541\Debug\GPS_Logger.a(UART_GPS_INT.o)
 .debug_info    0x0000b32d      0x72d .\CortexM3\ARM_GCC_541\Debug\GPS_Logger.a(UART_VMON.o)
 .debug_info    0x0000ba5a      0x14c .\CortexM3\ARM_GCC_541\Debug\GPS_Logger.a(UART_VMON_INT.o)
 .debug_info    0x0000bba6      0x11f .\CortexM3\ARM_GCC_541\Debug\GPS_Logger.a(BME280_CSn.o)
 .debug_info    0x0000bcc5      0x11f .\CortexM3\ARM_GCC_541\Debug\GPS_Logger.a(SakuraIO_WAKE_IN.o)
 .debug_info    0x0000bde4      0x11f .\CortexM3\ARM_GCC_541\Debug\GPS_Logger.a(SakuraIO_WAKE_OUT.o)
 .debug_info    0x0000bf03      0x283 .\CortexM3\ARM_GCC_541\Debug\GPS_Logger.a(UART_DEBUG_IntClock.o)
 .debug_info    0x0000c186      0x283 .\CortexM3\ARM_GCC_541\Debug\GPS_Logger.a(UART_GPS_IntClock.o)
 .debug_info    0x0000c409      0x283 .\CortexM3\ARM_GCC_541\Debug\GPS_Logger.a(UART_VMON_IntClock.o)
 .debug_info    0x0000c68c     0x1374 .\CortexM3\ARM_GCC_541\Debug\GPS_Logger.a(CyLib.o)
 .debug_info    0x0000da00      0xa2a .\CortexM3\ARM_GCC_541\Debug\GPS_Logger.a(cyPm.o)
 .debug_info    0x0000e42a      0x493 .\CortexM3\ARM_GCC_541\Debug\GPS_Logger.a(PERI_SPIM.o)
 .debug_info    0x0000e8bd      0x493 .\CortexM3\ARM_GCC_541\Debug\GPS_Logger.a(SD_SPIM.o)
 .debug_info    0x0000ed50      0x11f .\CortexM3\ARM_GCC_541\Debug\GPS_Logger.a(SD_CSn.o)
 .debug_info    0x0000ee6f      0x2d2 .\CortexM3\ARM_GCC_541\Debug\GPS_Logger.a(isr_Tick_Timer.o)
 .debug_info    0x0000f141      0x283 .\CortexM3\ARM_GCC_541\Debug\GPS_Logger.a(Clock_3.o)
 .debug_info    0x0000f3c4      0x11f .\CortexM3\ARM_GCC_541\Debug\GPS_Logger.a(LED0.o)
 .debug_info    0x0000f4e3      0x2d2 .\CortexM3\ARM_GCC_541\Debug\GPS_Logger.a(isr_UART_DEBUG_RXI.o)
 .debug_info    0x0000f7b5      0x2d2 .\CortexM3\ARM_GCC_541\Debug\GPS_Logger.a(isr_UART_GPS_RXI.o)
 .debug_info    0x0000fa87      0x630 .\CortexM3\ARM_GCC_541\Debug\GPS_Logger.a(EEPROM.o)
 .debug_info    0x000100b7      0x345 .\CortexM3\ARM_GCC_541\Debug\GPS_Logger.a(Timer1.o)
 .debug_info    0x000103fc      0x345 .\CortexM3\ARM_GCC_541\Debug\GPS_Logger.a(Timer2.o)
 .debug_info    0x00010741       0xd6 .\CortexM3\ARM_GCC_541\Debug\GPS_Logger.a(Timer2_Reset.o)
 .debug_info    0x00010817       0xd6 .\CortexM3\ARM_GCC_541\Debug\GPS_Logger.a(Timer1_Reset.o)
 .debug_info    0x000108ed      0x4bb .\CortexM3\ARM_GCC_541\Debug\GPS_Logger.a(SAKURA_SPIM.o)
 .debug_info    0x00010da8      0x11f .\CortexM3\ARM_GCC_541\Debug\GPS_Logger.a(SAKURA_CSn.o)
 .debug_info    0x00010ec7      0x283 .\CortexM3\ARM_GCC_541\Debug\GPS_Logger.a(SAKURA_SPIM_IntClock.o)
 .debug_info    0x0001114a      0x11f .\CortexM3\ARM_GCC_541\Debug\GPS_Logger.a(ACC_Sleep.o)
 .debug_info    0x00011269       0x89 .\CortexM3\ARM_GCC_541\Debug\GPS_Logger.a(CyBootAsmGnu.o)
 .debug_info    0x000112f2      0x64d .\CortexM3\ARM_GCC_541\Debug\GPS_Logger.a(CyFlash.o)
 .debug_info    0x0001193f      0x550 .\CortexM3\ARM_GCC_541\Debug\GPS_Logger.a(CySpc.o)

.debug_abbrev   0x00000000     0x3820
 *(.debug_abbrev)
 .debug_abbrev  0x00000000      0x342 .\CortexM3\ARM_GCC_541\Debug\main.o
 .debug_abbrev  0x00000342      0x215 .\CortexM3\ARM_GCC_541\Debug\xprintf.o
 .debug_abbrev  0x00000557      0x249 .\CortexM3\ARM_GCC_541\Debug\ff.o
 .debug_abbrev  0x000007a0      0x206 .\CortexM3\ARM_GCC_541\Debug\mmc.o
 .debug_abbrev  0x000009a6      0x205 .\CortexM3\ARM_GCC_541\Debug\SakuraIOc.o
 .debug_abbrev  0x00000bab      0x142 .\CortexM3\ARM_GCC_541\Debug\SakuraIOc_spi.o
 .debug_abbrev  0x00000ced      0x2f3 .\CortexM3\ARM_GCC_541\Debug\minmea.o
 .debug_abbrev  0x00000fe0      0x1f2 .\CortexM3\ARM_GCC_541\Debug\cyfitter_cfg.o
 .debug_abbrev  0x000011d2       0x77 .\CortexM3\ARM_GCC_541\Debug\cymetadata.o
 .debug_abbrev  0x00001249      0x1e8 .\CortexM3\ARM_GCC_541\Debug\Cm3Start.o
 .debug_abbrev  0x00001431      0x16f .\CortexM3\ARM_GCC_541\Debug\GPS_Logger.a(UART_DEBUG.o)
 .debug_abbrev  0x000015a0       0x8a .\CortexM3\ARM_GCC_541\Debug\GPS_Logger.a(UART_DEBUG_INT.o)
 .debug_abbrev  0x0000162a      0x16f .\CortexM3\ARM_GCC_541\Debug\GPS_Logger.a(UART_GPS.o)
 .debug_abbrev  0x00001799       0x8a .\CortexM3\ARM_GCC_541\Debug\GPS_Logger.a(UART_GPS_INT.o)
 .debug_abbrev  0x00001823      0x16f .\CortexM3\ARM_GCC_541\Debug\GPS_Logger.a(UART_VMON.o)
 .debug_abbrev  0x00001992       0x8a .\CortexM3\ARM_GCC_541\Debug\GPS_Logger.a(UART_VMON_INT.o)
 .debug_abbrev  0x00001a1c       0x90 .\CortexM3\ARM_GCC_541\Debug\GPS_Logger.a(BME280_CSn.o)
 .debug_abbrev  0x00001aac       0x90 .\CortexM3\ARM_GCC_541\Debug\GPS_Logger.a(SakuraIO_WAKE_IN.o)
 .debug_abbrev  0x00001b3c       0x90 .\CortexM3\ARM_GCC_541\Debug\GPS_Logger.a(SakuraIO_WAKE_OUT.o)
 .debug_abbrev  0x00001bcc      0x139 .\CortexM3\ARM_GCC_541\Debug\GPS_Logger.a(UART_DEBUG_IntClock.o)
 .debug_abbrev  0x00001d05      0x139 .\CortexM3\ARM_GCC_541\Debug\GPS_Logger.a(UART_GPS_IntClock.o)
 .debug_abbrev  0x00001e3e      0x139 .\CortexM3\ARM_GCC_541\Debug\GPS_Logger.a(UART_VMON_IntClock.o)
 .debug_abbrev  0x00001f77      0x254 .\CortexM3\ARM_GCC_541\Debug\GPS_Logger.a(CyLib.o)
 .debug_abbrev  0x000021cb      0x1ab .\CortexM3\ARM_GCC_541\Debug\GPS_Logger.a(cyPm.o)
 .debug_abbrev  0x00002376      0x146 .\CortexM3\ARM_GCC_541\Debug\GPS_Logger.a(PERI_SPIM.o)
 .debug_abbrev  0x000024bc      0x146 .\CortexM3\ARM_GCC_541\Debug\GPS_Logger.a(SD_SPIM.o)
 .debug_abbrev  0x00002602       0x90 .\CortexM3\ARM_GCC_541\Debug\GPS_Logger.a(SD_CSn.o)
 .debug_abbrev  0x00002692      0x173 .\CortexM3\ARM_GCC_541\Debug\GPS_Logger.a(isr_Tick_Timer.o)
 .debug_abbrev  0x00002805      0x139 .\CortexM3\ARM_GCC_541\Debug\GPS_Logger.a(Clock_3.o)
 .debug_abbrev  0x0000293e       0x90 .\CortexM3\ARM_GCC_541\Debug\GPS_Logger.a(LED0.o)
 .debug_abbrev  0x000029ce      0x173 .\CortexM3\ARM_GCC_541\Debug\GPS_Logger.a(isr_UART_DEBUG_RXI.o)
 .debug_abbrev  0x00002b41      0x173 .\CortexM3\ARM_GCC_541\Debug\GPS_Logger.a(isr_UART_GPS_RXI.o)
 .debug_abbrev  0x00002cb4      0x14e .\CortexM3\ARM_GCC_541\Debug\GPS_Logger.a(EEPROM.o)
 .debug_abbrev  0x00002e02      0x117 .\CortexM3\ARM_GCC_541\Debug\GPS_Logger.a(Timer1.o)
 .debug_abbrev  0x00002f19      0x117 .\CortexM3\ARM_GCC_541\Debug\GPS_Logger.a(Timer2.o)
 .debug_abbrev  0x00003030       0x81 .\CortexM3\ARM_GCC_541\Debug\GPS_Logger.a(Timer2_Reset.o)
 .debug_abbrev  0x000030b1       0x81 .\CortexM3\ARM_GCC_541\Debug\GPS_Logger.a(Timer1_Reset.o)
 .debug_abbrev  0x00003132      0x146 .\CortexM3\ARM_GCC_541\Debug\GPS_Logger.a(SAKURA_SPIM.o)
 .debug_abbrev  0x00003278       0x90 .\CortexM3\ARM_GCC_541\Debug\GPS_Logger.a(SAKURA_CSn.o)
 .debug_abbrev  0x00003308      0x139 .\CortexM3\ARM_GCC_541\Debug\GPS_Logger.a(SAKURA_SPIM_IntClock.o)
 .debug_abbrev  0x00003441       0x90 .\CortexM3\ARM_GCC_541\Debug\GPS_Logger.a(ACC_Sleep.o)
 .debug_abbrev  0x000034d1       0x14 .\CortexM3\ARM_GCC_541\Debug\GPS_Logger.a(CyBootAsmGnu.o)
 .debug_abbrev  0x000034e5      0x1a7 .\CortexM3\ARM_GCC_541\Debug\GPS_Logger.a(CyFlash.o)
 .debug_abbrev  0x0000368c      0x194 .\CortexM3\ARM_GCC_541\Debug\GPS_Logger.a(CySpc.o)

.debug_line     0x00000000     0x684d
 *(.debug_line)
 .debug_line    0x00000000      0x6d1 .\CortexM3\ARM_GCC_541\Debug\main.o
 .debug_line    0x000006d1      0x332 .\CortexM3\ARM_GCC_541\Debug\xprintf.o
 .debug_line    0x00000a03      0xcf6 .\CortexM3\ARM_GCC_541\Debug\ff.o
 .debug_line    0x000016f9      0x563 .\CortexM3\ARM_GCC_541\Debug\mmc.o
 .debug_line    0x00001c5c      0x6c8 .\CortexM3\ARM_GCC_541\Debug\SakuraIOc.o
 .debug_line    0x00002324      0x224 .\CortexM3\ARM_GCC_541\Debug\SakuraIOc_spi.o
 .debug_line    0x00002548        0x0 .\CortexM3\ARM_GCC_541\Debug\spi_interface.o
 .debug_line    0x00002548      0x61c .\CortexM3\ARM_GCC_541\Debug\minmea.o
 .debug_line    0x00002b64      0x1ef .\CortexM3\ARM_GCC_541\Debug\cyfitter_cfg.o
 .debug_line    0x00002d53      0x141 .\CortexM3\ARM_GCC_541\Debug\cymetadata.o
 .debug_line    0x00002e94      0x234 .\CortexM3\ARM_GCC_541\Debug\Cm3Start.o
 .debug_line    0x000030c8      0x30e .\CortexM3\ARM_GCC_541\Debug\GPS_Logger.a(UART_DEBUG.o)
 .debug_line    0x000033d6       0x8d .\CortexM3\ARM_GCC_541\Debug\GPS_Logger.a(UART_DEBUG_INT.o)
 .debug_line    0x00003463      0x30a .\CortexM3\ARM_GCC_541\Debug\GPS_Logger.a(UART_GPS.o)
 .debug_line    0x0000376d       0x89 .\CortexM3\ARM_GCC_541\Debug\GPS_Logger.a(UART_GPS_INT.o)
 .debug_line    0x000037f6      0x30c .\CortexM3\ARM_GCC_541\Debug\GPS_Logger.a(UART_VMON.o)
 .debug_line    0x00003b02       0x8b .\CortexM3\ARM_GCC_541\Debug\GPS_Logger.a(UART_VMON_INT.o)
 .debug_line    0x00003b8d       0x97 .\CortexM3\ARM_GCC_541\Debug\GPS_Logger.a(BME280_CSn.o)
 .debug_line    0x00003c24       0x9d .\CortexM3\ARM_GCC_541\Debug\GPS_Logger.a(SakuraIO_WAKE_IN.o)
 .debug_line    0x00003cc1       0x9e .\CortexM3\ARM_GCC_541\Debug\GPS_Logger.a(SakuraIO_WAKE_OUT.o)
 .debug_line    0x00003d5f      0x182 .\CortexM3\ARM_GCC_541\Debug\GPS_Logger.a(UART_DEBUG_IntClock.o)
 .debug_line    0x00003ee1      0x180 .\CortexM3\ARM_GCC_541\Debug\GPS_Logger.a(UART_GPS_IntClock.o)
 .debug_line    0x00004061      0x181 .\CortexM3\ARM_GCC_541\Debug\GPS_Logger.a(UART_VMON_IntClock.o)
 .debug_line    0x000041e2      0x816 .\CortexM3\ARM_GCC_541\Debug\GPS_Logger.a(CyLib.o)
 .debug_line    0x000049f8      0x367 .\CortexM3\ARM_GCC_541\Debug\GPS_Logger.a(cyPm.o)
 .debug_line    0x00004d5f      0x233 .\CortexM3\ARM_GCC_541\Debug\GPS_Logger.a(PERI_SPIM.o)
 .debug_line    0x00004f92      0x231 .\CortexM3\ARM_GCC_541\Debug\GPS_Logger.a(SD_SPIM.o)
 .debug_line    0x000051c3       0x93 .\CortexM3\ARM_GCC_541\Debug\GPS_Logger.a(SD_CSn.o)
 .debug_line    0x00005256      0x13b .\CortexM3\ARM_GCC_541\Debug\GPS_Logger.a(isr_Tick_Timer.o)
 .debug_line    0x00005391      0x176 .\CortexM3\ARM_GCC_541\Debug\GPS_Logger.a(Clock_3.o)
 .debug_line    0x00005507       0x91 .\CortexM3\ARM_GCC_541\Debug\GPS_Logger.a(LED0.o)
 .debug_line    0x00005598      0x13f .\CortexM3\ARM_GCC_541\Debug\GPS_Logger.a(isr_UART_DEBUG_RXI.o)
 .debug_line    0x000056d7      0x13d .\CortexM3\ARM_GCC_541\Debug\GPS_Logger.a(isr_UART_GPS_RXI.o)
 .debug_line    0x00005814      0x264 .\CortexM3\ARM_GCC_541\Debug\GPS_Logger.a(EEPROM.o)
 .debug_line    0x00005a78      0x186 .\CortexM3\ARM_GCC_541\Debug\GPS_Logger.a(Timer1.o)
 .debug_line    0x00005bfe      0x186 .\CortexM3\ARM_GCC_541\Debug\GPS_Logger.a(Timer2.o)
 .debug_line    0x00005d84       0x74 .\CortexM3\ARM_GCC_541\Debug\GPS_Logger.a(Timer2_Reset.o)
 .debug_line    0x00005df8       0x74 .\CortexM3\ARM_GCC_541\Debug\GPS_Logger.a(Timer1_Reset.o)
 .debug_line    0x00005e6c      0x251 .\CortexM3\ARM_GCC_541\Debug\GPS_Logger.a(SAKURA_SPIM.o)
 .debug_line    0x000060bd       0x97 .\CortexM3\ARM_GCC_541\Debug\GPS_Logger.a(SAKURA_CSn.o)
 .debug_line    0x00006154      0x183 .\CortexM3\ARM_GCC_541\Debug\GPS_Logger.a(SAKURA_SPIM_IntClock.o)
 .debug_line    0x000062d7       0x96 .\CortexM3\ARM_GCC_541\Debug\GPS_Logger.a(ACC_Sleep.o)
 .debug_line    0x0000636d       0x66 .\CortexM3\ARM_GCC_541\Debug\GPS_Logger.a(CyBootAsmGnu.o)
 .debug_line    0x000063d3      0x21a .\CortexM3\ARM_GCC_541\Debug\GPS_Logger.a(CyFlash.o)
 .debug_line    0x000065ed      0x260 .\CortexM3\ARM_GCC_541\Debug\GPS_Logger.a(CySpc.o)

.debug_frame    0x00000000     0x42e4
 *(.debug_frame)
 .debug_frame   0x00000000      0x21c .\CortexM3\ARM_GCC_541\Debug\main.o
 .debug_frame   0x0000021c      0x1fc .\CortexM3\ARM_GCC_541\Debug\xprintf.o
 .debug_frame   0x00000418      0x778 .\CortexM3\ARM_GCC_541\Debug\ff.o
 .debug_frame   0x00000b90      0x25c .\CortexM3\ARM_GCC_541\Debug\mmc.o
 .debug_frame   0x00000dec      0x734 .\CortexM3\ARM_GCC_541\Debug\SakuraIOc.o
 .debug_frame   0x00001520       0xd8 .\CortexM3\ARM_GCC_541\Debug\SakuraIOc_spi.o
 .debug_frame   0x000015f8      0x23c .\CortexM3\ARM_GCC_541\Debug\minmea.o
 .debug_frame   0x00001834       0xd4 .\CortexM3\ARM_GCC_541\Debug\cyfitter_cfg.o
 .debug_frame   0x00001908       0xb8 .\CortexM3\ARM_GCC_541\Debug\Cm3Start.o
 .debug_frame   0x000019c0      0x25c .\CortexM3\ARM_GCC_541\Debug\GPS_Logger.a(UART_DEBUG.o)
 .debug_frame   0x00001c1c       0x20 .\CortexM3\ARM_GCC_541\Debug\GPS_Logger.a(UART_DEBUG_INT.o)
 .debug_frame   0x00001c3c      0x25c .\CortexM3\ARM_GCC_541\Debug\GPS_Logger.a(UART_GPS.o)
 .debug_frame   0x00001e98       0x20 .\CortexM3\ARM_GCC_541\Debug\GPS_Logger.a(UART_GPS_INT.o)
 .debug_frame   0x00001eb8      0x25c .\CortexM3\ARM_GCC_541\Debug\GPS_Logger.a(UART_VMON.o)
 .debug_frame   0x00002114       0x20 .\CortexM3\ARM_GCC_541\Debug\GPS_Logger.a(UART_VMON_INT.o)
 .debug_frame   0x00002134       0x50 .\CortexM3\ARM_GCC_541\Debug\GPS_Logger.a(BME280_CSn.o)
 .debug_frame   0x00002184       0x50 .\CortexM3\ARM_GCC_541\Debug\GPS_Logger.a(SakuraIO_WAKE_IN.o)
 .debug_frame   0x000021d4       0x50 .\CortexM3\ARM_GCC_541\Debug\GPS_Logger.a(SakuraIO_WAKE_OUT.o)
 .debug_frame   0x00002224       0xe0 .\CortexM3\ARM_GCC_541\Debug\GPS_Logger.a(UART_DEBUG_IntClock.o)
 .debug_frame   0x00002304       0xe0 .\CortexM3\ARM_GCC_541\Debug\GPS_Logger.a(UART_GPS_IntClock.o)
 .debug_frame   0x000023e4       0xe0 .\CortexM3\ARM_GCC_541\Debug\GPS_Logger.a(UART_VMON_IntClock.o)
 .debug_frame   0x000024c4      0x738 .\CortexM3\ARM_GCC_541\Debug\GPS_Logger.a(CyLib.o)
 .debug_frame   0x00002bfc      0x1f8 .\CortexM3\ARM_GCC_541\Debug\GPS_Logger.a(cyPm.o)
 .debug_frame   0x00002df4      0x1e8 .\CortexM3\ARM_GCC_541\Debug\GPS_Logger.a(PERI_SPIM.o)
 .debug_frame   0x00002fdc      0x1e8 .\CortexM3\ARM_GCC_541\Debug\GPS_Logger.a(SD_SPIM.o)
 .debug_frame   0x000031c4       0x50 .\CortexM3\ARM_GCC_541\Debug\GPS_Logger.a(SD_CSn.o)
 .debug_frame   0x00003214      0x104 .\CortexM3\ARM_GCC_541\Debug\GPS_Logger.a(isr_Tick_Timer.o)
 .debug_frame   0x00003318       0xe0 .\CortexM3\ARM_GCC_541\Debug\GPS_Logger.a(Clock_3.o)
 .debug_frame   0x000033f8       0x50 .\CortexM3\ARM_GCC_541\Debug\GPS_Logger.a(LED0.o)
 .debug_frame   0x00003448      0x104 .\CortexM3\ARM_GCC_541\Debug\GPS_Logger.a(isr_UART_DEBUG_RXI.o)
 .debug_frame   0x0000354c      0x104 .\CortexM3\ARM_GCC_541\Debug\GPS_Logger.a(isr_UART_GPS_RXI.o)
 .debug_frame   0x00003650      0x17c .\CortexM3\ARM_GCC_541\Debug\GPS_Logger.a(EEPROM.o)
 .debug_frame   0x000037cc      0x134 .\CortexM3\ARM_GCC_541\Debug\GPS_Logger.a(Timer1.o)
 .debug_frame   0x00003900      0x134 .\CortexM3\ARM_GCC_541\Debug\GPS_Logger.a(Timer2.o)
 .debug_frame   0x00003a34       0x30 .\CortexM3\ARM_GCC_541\Debug\GPS_Logger.a(Timer2_Reset.o)
 .debug_frame   0x00003a64       0x30 .\CortexM3\ARM_GCC_541\Debug\GPS_Logger.a(Timer1_Reset.o)
 .debug_frame   0x00003a94      0x1e8 .\CortexM3\ARM_GCC_541\Debug\GPS_Logger.a(SAKURA_SPIM.o)
 .debug_frame   0x00003c7c       0x50 .\CortexM3\ARM_GCC_541\Debug\GPS_Logger.a(SAKURA_CSn.o)
 .debug_frame   0x00003ccc       0xe0 .\CortexM3\ARM_GCC_541\Debug\GPS_Logger.a(SAKURA_SPIM_IntClock.o)
 .debug_frame   0x00003dac       0x50 .\CortexM3\ARM_GCC_541\Debug\GPS_Logger.a(ACC_Sleep.o)
 .debug_frame   0x00003dfc      0x194 .\CortexM3\ARM_GCC_541\Debug\GPS_Logger.a(CyFlash.o)
 .debug_frame   0x00003f90      0x180 .\CortexM3\ARM_GCC_541\Debug\GPS_Logger.a(CySpc.o)
 .debug_frame   0x00004110       0x2c c:/program files (x86)/cypress/psoc creator/4.2/psoc creator/import/gnu/arm/5.4.1/bin/../lib/gcc/arm-none-eabi/5.4.1/armv7-m\libgcc.a(_aeabi_uldivmod.o)
 .debug_frame   0x0000413c       0x38 c:/program files (x86)/cypress/psoc creator/4.2/psoc creator/import/gnu/arm/5.4.1/bin/../lib/gcc/arm-none-eabi/5.4.1/armv7-m\libgcc.a(_udivmoddi4.o)
 .debug_frame   0x00004174       0x30 c:/program files (x86)/cypress/psoc creator/4.2/psoc creator/import/gnu/arm/5.4.1/bin/../lib/gcc/arm-none-eabi/5.4.1/../../../../arm-none-eabi/lib/armv7-m\libg_nano.a(lib_a-atoi.o)
 .debug_frame   0x000041a4       0x20 c:/program files (x86)/cypress/psoc creator/4.2/psoc creator/import/gnu/arm/5.4.1/bin/../lib/gcc/arm-none-eabi/5.4.1/../../../../arm-none-eabi/lib/armv7-m\libg_nano.a(lib_a-errno.o)
 .debug_frame   0x000041c4       0x28 c:/program files (x86)/cypress/psoc creator/4.2/psoc creator/import/gnu/arm/5.4.1/bin/../lib/gcc/arm-none-eabi/5.4.1/../../../../arm-none-eabi/lib/armv7-m\libg_nano.a(lib_a-exit.o)
 .debug_frame   0x000041ec       0x2c c:/program files (x86)/cypress/psoc creator/4.2/psoc creator/import/gnu/arm/5.4.1/bin/../lib/gcc/arm-none-eabi/5.4.1/../../../../arm-none-eabi/lib/armv7-m\libg_nano.a(lib_a-init.o)
 .debug_frame   0x00004218       0x28 c:/program files (x86)/cypress/psoc creator/4.2/psoc creator/import/gnu/arm/5.4.1/bin/../lib/gcc/arm-none-eabi/5.4.1/../../../../arm-none-eabi/lib/armv7-m\libg_nano.a(lib_a-memcpy-stub.o)
 .debug_frame   0x00004240       0x20 c:/program files (x86)/cypress/psoc creator/4.2/psoc creator/import/gnu/arm/5.4.1/bin/../lib/gcc/arm-none-eabi/5.4.1/../../../../arm-none-eabi/lib/armv7-m\libg_nano.a(lib_a-memset.o)
 .debug_frame   0x00004260       0x20 c:/program files (x86)/cypress/psoc creator/4.2/psoc creator/import/gnu/arm/5.4.1/bin/../lib/gcc/arm-none-eabi/5.4.1/../../../../arm-none-eabi/lib/armv7-m\libg_nano.a(lib_a-strcmp.o)
 .debug_frame   0x00004280       0x20 c:/program files (x86)/cypress/psoc creator/4.2/psoc creator/import/gnu/arm/5.4.1/bin/../lib/gcc/arm-none-eabi/5.4.1/../../../../arm-none-eabi/lib/armv7-m\libg_nano.a(lib_a-strcpy.o)
 .debug_frame   0x000042a0       0x44 c:/program files (x86)/cypress/psoc creator/4.2/psoc creator/import/gnu/arm/5.4.1/bin/../lib/gcc/arm-none-eabi/5.4.1/../../../../arm-none-eabi/lib/armv7-m\libg_nano.a(lib_a-strtol.o)

.debug_str      0x00000000     0x4e9d
 *(.debug_str)
 .debug_str     0x00000000      0xe7f .\CortexM3\ARM_GCC_541\Debug\main.o
                                0xf71 (size before relaxing)
 .debug_str     0x00000e7f       0xc7 .\CortexM3\ARM_GCC_541\Debug\xprintf.o
                                0x1d1 (size before relaxing)
 .debug_str     0x00000f46      0x266 .\CortexM3\ARM_GCC_541\Debug\ff.o
                                0x6a9 (size before relaxing)
 .debug_str     0x000011ac      0x173 .\CortexM3\ARM_GCC_541\Debug\mmc.o
                                0x3cf (size before relaxing)
 .debug_str     0x0000131f      0x4bb .\CortexM3\ARM_GCC_541\Debug\SakuraIOc.o
                                0x738 (size before relaxing)
 .debug_str     0x000017da       0xe7 .\CortexM3\ARM_GCC_541\Debug\SakuraIOc_spi.o
                                0x345 (size before relaxing)
 .debug_str     0x000018c1       0x19 .\CortexM3\ARM_GCC_541\Debug\spi_interface.o
                                 0xe2 (size before relaxing)
 .debug_str     0x000018da      0x207 .\CortexM3\ARM_GCC_541\Debug\minmea.o
                                0x913 (size before relaxing)
 .debug_str     0x00001ae1      0x16b .\CortexM3\ARM_GCC_541\Debug\cyfitter_cfg.o
                                0x31f (size before relaxing)
 .debug_str     0x00001c4c       0x75 .\CortexM3\ARM_GCC_541\Debug\cymetadata.o
                                0x1dd (size before relaxing)
 .debug_str     0x00001cc1      0x13f .\CortexM3\ARM_GCC_541\Debug\Cm3Start.o
                                0x303 (size before relaxing)
 .debug_str     0x00001e00      0x44a .\CortexM3\ARM_GCC_541\Debug\GPS_Logger.a(UART_DEBUG.o)
                                0x61b (size before relaxing)
 .debug_str     0x0000224a       0x5f .\CortexM3\ARM_GCC_541\Debug\GPS_Logger.a(UART_DEBUG_INT.o)
                                0x274 (size before relaxing)
 .debug_str     0x000022a9      0x30d .\CortexM3\ARM_GCC_541\Debug\GPS_Logger.a(UART_GPS.o)
                                0x5d1 (size before relaxing)
 .debug_str     0x000025b6       0x35 .\CortexM3\ARM_GCC_541\Debug\GPS_Logger.a(UART_GPS_INT.o)
                                0x264 (size before relaxing)
 .debug_str     0x000025eb      0x342 .\CortexM3\ARM_GCC_541\Debug\GPS_Logger.a(UART_VMON.o)
                                0x5f6 (size before relaxing)
 .debug_str     0x0000292d       0x37 .\CortexM3\ARM_GCC_541\Debug\GPS_Logger.a(UART_VMON_INT.o)
                                0x26c (size before relaxing)
 .debug_str     0x00002964       0x6e .\CortexM3\ARM_GCC_541\Debug\GPS_Logger.a(BME280_CSn.o)
                                0x1f4 (size before relaxing)
 .debug_str     0x000029d2       0x7c .\CortexM3\ARM_GCC_541\Debug\GPS_Logger.a(SakuraIO_WAKE_IN.o)
                                0x212 (size before relaxing)
 .debug_str     0x00002a4e       0x7f .\CortexM3\ARM_GCC_541\Debug\GPS_Logger.a(SakuraIO_WAKE_OUT.o)
                                0x217 (size before relaxing)
 .debug_str     0x00002acd      0x1c5 .\CortexM3\ARM_GCC_541\Debug\GPS_Logger.a(UART_DEBUG_IntClock.o)
                                0x377 (size before relaxing)
 .debug_str     0x00002c92      0x160 .\CortexM3\ARM_GCC_541\Debug\GPS_Logger.a(UART_GPS_IntClock.o)
                                0x35f (size before relaxing)
 .debug_str     0x00002df2      0x16a .\CortexM3\ARM_GCC_541\Debug\GPS_Logger.a(UART_VMON_IntClock.o)
                                0x36b (size before relaxing)
 .debug_str     0x00002f5c      0x7b7 .\CortexM3\ARM_GCC_541\Debug\GPS_Logger.a(CyLib.o)
                                0xa40 (size before relaxing)
 .debug_str     0x00003713      0x365 .\CortexM3\ARM_GCC_541\Debug\GPS_Logger.a(cyPm.o)
                                0x72c (size before relaxing)
 .debug_str     0x00003a78      0x1df .\CortexM3\ARM_GCC_541\Debug\GPS_Logger.a(PERI_SPIM.o)
                                0x46a (size before relaxing)
 .debug_str     0x00003c57      0x1c1 .\CortexM3\ARM_GCC_541\Debug\GPS_Logger.a(SD_SPIM.o)
                                0x432 (size before relaxing)
 .debug_str     0x00003e18       0x53 .\CortexM3\ARM_GCC_541\Debug\GPS_Logger.a(SD_CSn.o)
                                0x1e0 (size before relaxing)
 .debug_str     0x00003e6b      0x14d .\CortexM3\ARM_GCC_541\Debug\GPS_Logger.a(isr_Tick_Timer.o)
                                0x31d (size before relaxing)
 .debug_str     0x00003fb8       0xfc .\CortexM3\ARM_GCC_541\Debug\GPS_Logger.a(Clock_3.o)
                                0x2e7 (size before relaxing)
 .debug_str     0x000040b4       0x4b .\CortexM3\ARM_GCC_541\Debug\GPS_Logger.a(LED0.o)
                                0x1d6 (size before relaxing)
 .debug_str     0x000040ff      0x181 .\CortexM3\ARM_GCC_541\Debug\GPS_Logger.a(isr_UART_DEBUG_RXI.o)
                                0x355 (size before relaxing)
 .debug_str     0x00004280      0x167 .\CortexM3\ARM_GCC_541\Debug\GPS_Logger.a(isr_UART_GPS_RXI.o)
                                0x339 (size before relaxing)
 .debug_str     0x000043e7      0x18e .\CortexM3\ARM_GCC_541\Debug\GPS_Logger.a(EEPROM.o)
                                0x3bb (size before relaxing)
 .debug_str     0x00004575      0x177 .\CortexM3\ARM_GCC_541\Debug\GPS_Logger.a(Timer1.o)
                                0x364 (size before relaxing)
 .debug_str     0x000046ec      0x151 .\CortexM3\ARM_GCC_541\Debug\GPS_Logger.a(Timer2.o)
                                0x364 (size before relaxing)
 .debug_str     0x0000483d       0x38 .\CortexM3\ARM_GCC_541\Debug\GPS_Logger.a(Timer2_Reset.o)
                                0x1bd (size before relaxing)
 .debug_str     0x00004875       0x38 .\CortexM3\ARM_GCC_541\Debug\GPS_Logger.a(Timer1_Reset.o)
                                0x1bd (size before relaxing)
 .debug_str     0x000048ad      0x22e .\CortexM3\ARM_GCC_541\Debug\GPS_Logger.a(SAKURA_SPIM.o)
                                0x4d7 (size before relaxing)
 .debug_str     0x00004adb       0x63 .\CortexM3\ARM_GCC_541\Debug\GPS_Logger.a(SAKURA_CSn.o)
                                0x1f4 (size before relaxing)
 .debug_str     0x00004b3e      0x17e .\CortexM3\ARM_GCC_541\Debug\GPS_Logger.a(SAKURA_SPIM_IntClock.o)
                                0x383 (size before relaxing)
 .debug_str     0x00004cbc       0x60 .\CortexM3\ARM_GCC_541\Debug\GPS_Logger.a(ACC_Sleep.o)
                                0x1ef (size before relaxing)
 .debug_str     0x00004d1c      0x113 .\CortexM3\ARM_GCC_541\Debug\GPS_Logger.a(CyFlash.o)
                                0x3b9 (size before relaxing)
 .debug_str     0x00004e2f       0x6e .\CortexM3\ARM_GCC_541\Debug\GPS_Logger.a(CySpc.o)
                                0x331 (size before relaxing)

.debug_loc      0x00000000     0xaa72
 *(.debug_loc)
 .debug_loc     0x00000000      0x737 .\CortexM3\ARM_GCC_541\Debug\main.o
 .debug_loc     0x00000737      0x968 .\CortexM3\ARM_GCC_541\Debug\xprintf.o
 .debug_loc     0x0000109f     0x3384 .\CortexM3\ARM_GCC_541\Debug\ff.o
 .debug_loc     0x00004423     0x1031 .\CortexM3\ARM_GCC_541\Debug\mmc.o
 .debug_loc     0x00005454     0x1387 .\CortexM3\ARM_GCC_541\Debug\SakuraIOc.o
 .debug_loc     0x000067db       0x63 .\CortexM3\ARM_GCC_541\Debug\SakuraIOc_spi.o
 .debug_loc     0x0000683e      0xc85 .\CortexM3\ARM_GCC_541\Debug\minmea.o
 .debug_loc     0x000074c3      0x289 .\CortexM3\ARM_GCC_541\Debug\cyfitter_cfg.o
 .debug_loc     0x0000774c      0x144 .\CortexM3\ARM_GCC_541\Debug\Cm3Start.o
 .debug_loc     0x00007890      0x34e .\CortexM3\ARM_GCC_541\Debug\GPS_Logger.a(UART_DEBUG.o)
 .debug_loc     0x00007bde       0x45 .\CortexM3\ARM_GCC_541\Debug\GPS_Logger.a(UART_DEBUG_INT.o)
 .debug_loc     0x00007c23      0x34e .\CortexM3\ARM_GCC_541\Debug\GPS_Logger.a(UART_GPS.o)
 .debug_loc     0x00007f71       0x45 .\CortexM3\ARM_GCC_541\Debug\GPS_Logger.a(UART_GPS_INT.o)
 .debug_loc     0x00007fb6      0x34e .\CortexM3\ARM_GCC_541\Debug\GPS_Logger.a(UART_VMON.o)
 .debug_loc     0x00008304       0x45 .\CortexM3\ARM_GCC_541\Debug\GPS_Logger.a(UART_VMON_INT.o)
 .debug_loc     0x00008349       0x42 .\CortexM3\ARM_GCC_541\Debug\GPS_Logger.a(BME280_CSn.o)
 .debug_loc     0x0000838b       0x42 .\CortexM3\ARM_GCC_541\Debug\GPS_Logger.a(SakuraIO_WAKE_IN.o)
 .debug_loc     0x000083cd       0x42 .\CortexM3\ARM_GCC_541\Debug\GPS_Logger.a(SakuraIO_WAKE_OUT.o)
 .debug_loc     0x0000840f      0x128 .\CortexM3\ARM_GCC_541\Debug\GPS_Logger.a(UART_DEBUG_IntClock.o)
 .debug_loc     0x00008537      0x128 .\CortexM3\ARM_GCC_541\Debug\GPS_Logger.a(UART_GPS_IntClock.o)
 .debug_loc     0x0000865f      0x128 .\CortexM3\ARM_GCC_541\Debug\GPS_Logger.a(UART_VMON_IntClock.o)
 .debug_loc     0x00008787      0xa11 .\CortexM3\ARM_GCC_541\Debug\GPS_Logger.a(CyLib.o)
 .debug_loc     0x00009198      0x1e4 .\CortexM3\ARM_GCC_541\Debug\GPS_Logger.a(cyPm.o)
 .debug_loc     0x0000937c       0xfe .\CortexM3\ARM_GCC_541\Debug\GPS_Logger.a(PERI_SPIM.o)
 .debug_loc     0x0000947a       0xfe .\CortexM3\ARM_GCC_541\Debug\GPS_Logger.a(SD_SPIM.o)
 .debug_loc     0x00009578       0x42 .\CortexM3\ARM_GCC_541\Debug\GPS_Logger.a(SD_CSn.o)
 .debug_loc     0x000095ba       0x56 .\CortexM3\ARM_GCC_541\Debug\GPS_Logger.a(isr_Tick_Timer.o)
 .debug_loc     0x00009610      0x112 .\CortexM3\ARM_GCC_541\Debug\GPS_Logger.a(Clock_3.o)
 .debug_loc     0x00009722       0x42 .\CortexM3\ARM_GCC_541\Debug\GPS_Logger.a(LED0.o)
 .debug_loc     0x00009764       0x56 .\CortexM3\ARM_GCC_541\Debug\GPS_Logger.a(isr_UART_DEBUG_RXI.o)
 .debug_loc     0x000097ba       0x56 .\CortexM3\ARM_GCC_541\Debug\GPS_Logger.a(isr_UART_GPS_RXI.o)
 .debug_loc     0x00009810      0x49f .\CortexM3\ARM_GCC_541\Debug\GPS_Logger.a(EEPROM.o)
 .debug_loc     0x00009caf       0x31 .\CortexM3\ARM_GCC_541\Debug\GPS_Logger.a(Timer1.o)
 .debug_loc     0x00009ce0       0x31 .\CortexM3\ARM_GCC_541\Debug\GPS_Logger.a(Timer2.o)
 .debug_loc     0x00009d11       0xfe .\CortexM3\ARM_GCC_541\Debug\GPS_Logger.a(SAKURA_SPIM.o)
 .debug_loc     0x00009e0f       0x42 .\CortexM3\ARM_GCC_541\Debug\GPS_Logger.a(SAKURA_CSn.o)
 .debug_loc     0x00009e51      0x128 .\CortexM3\ARM_GCC_541\Debug\GPS_Logger.a(SAKURA_SPIM_IntClock.o)
 .debug_loc     0x00009f79       0x42 .\CortexM3\ARM_GCC_541\Debug\GPS_Logger.a(ACC_Sleep.o)
 .debug_loc     0x00009fbb      0x3b2 .\CortexM3\ARM_GCC_541\Debug\GPS_Logger.a(CyFlash.o)
 .debug_loc     0x0000a36d      0x705 .\CortexM3\ARM_GCC_541\Debug\GPS_Logger.a(CySpc.o)

.debug_macinfo
 *(.debug_macinfo)

.debug_ranges   0x00000000     0x16d0
 *(.debug_ranges)
 .debug_ranges  0x00000000       0x90 .\CortexM3\ARM_GCC_541\Debug\main.o
 .debug_ranges  0x00000090       0x60 .\CortexM3\ARM_GCC_541\Debug\xprintf.o
 .debug_ranges  0x000000f0      0x1d0 .\CortexM3\ARM_GCC_541\Debug\ff.o
 .debug_ranges  0x000002c0       0x88 .\CortexM3\ARM_GCC_541\Debug\mmc.o
 .debug_ranges  0x00000348      0x210 .\CortexM3\ARM_GCC_541\Debug\SakuraIOc.o
 .debug_ranges  0x00000558       0x48 .\CortexM3\ARM_GCC_541\Debug\SakuraIOc_spi.o
 .debug_ranges  0x000005a0      0x1a0 .\CortexM3\ARM_GCC_541\Debug\minmea.o
 .debug_ranges  0x00000740       0x40 .\CortexM3\ARM_GCC_541\Debug\cyfitter_cfg.o
 .debug_ranges  0x00000780       0x38 .\CortexM3\ARM_GCC_541\Debug\Cm3Start.o
 .debug_ranges  0x000007b8       0xe0 .\CortexM3\ARM_GCC_541\Debug\GPS_Logger.a(UART_DEBUG.o)
 .debug_ranges  0x00000898       0x10 .\CortexM3\ARM_GCC_541\Debug\GPS_Logger.a(UART_DEBUG_INT.o)
 .debug_ranges  0x000008a8       0xe0 .\CortexM3\ARM_GCC_541\Debug\GPS_Logger.a(UART_GPS.o)
 .debug_ranges  0x00000988       0x10 .\CortexM3\ARM_GCC_541\Debug\GPS_Logger.a(UART_GPS_INT.o)
 .debug_ranges  0x00000998       0xe0 .\CortexM3\ARM_GCC_541\Debug\GPS_Logger.a(UART_VMON.o)
 .debug_ranges  0x00000a78       0x10 .\CortexM3\ARM_GCC_541\Debug\GPS_Logger.a(UART_VMON_INT.o)
 .debug_ranges  0x00000a88       0x28 .\CortexM3\ARM_GCC_541\Debug\GPS_Logger.a(BME280_CSn.o)
 .debug_ranges  0x00000ab0       0x28 .\CortexM3\ARM_GCC_541\Debug\GPS_Logger.a(SakuraIO_WAKE_IN.o)
 .debug_ranges  0x00000ad8       0x28 .\CortexM3\ARM_GCC_541\Debug\GPS_Logger.a(SakuraIO_WAKE_OUT.o)
 .debug_ranges  0x00000b00       0x60 .\CortexM3\ARM_GCC_541\Debug\GPS_Logger.a(UART_DEBUG_IntClock.o)
 .debug_ranges  0x00000b60       0x60 .\CortexM3\ARM_GCC_541\Debug\GPS_Logger.a(UART_GPS_IntClock.o)
 .debug_ranges  0x00000bc0       0x60 .\CortexM3\ARM_GCC_541\Debug\GPS_Logger.a(UART_VMON_IntClock.o)
 .debug_ranges  0x00000c20      0x290 .\CortexM3\ARM_GCC_541\Debug\GPS_Logger.a(CyLib.o)
 .debug_ranges  0x00000eb0       0x88 .\CortexM3\ARM_GCC_541\Debug\GPS_Logger.a(cyPm.o)
 .debug_ranges  0x00000f38       0xc8 .\CortexM3\ARM_GCC_541\Debug\GPS_Logger.a(PERI_SPIM.o)
 .debug_ranges  0x00001000       0xc8 .\CortexM3\ARM_GCC_541\Debug\GPS_Logger.a(SD_SPIM.o)
 .debug_ranges  0x000010c8       0x28 .\CortexM3\ARM_GCC_541\Debug\GPS_Logger.a(SD_CSn.o)
 .debug_ranges  0x000010f0       0x70 .\CortexM3\ARM_GCC_541\Debug\GPS_Logger.a(isr_Tick_Timer.o)
 .debug_ranges  0x00001160       0x60 .\CortexM3\ARM_GCC_541\Debug\GPS_Logger.a(Clock_3.o)
 .debug_ranges  0x000011c0       0x28 .\CortexM3\ARM_GCC_541\Debug\GPS_Logger.a(LED0.o)
 .debug_ranges  0x000011e8       0x70 .\CortexM3\ARM_GCC_541\Debug\GPS_Logger.a(isr_UART_DEBUG_RXI.o)
 .debug_ranges  0x00001258       0x70 .\CortexM3\ARM_GCC_541\Debug\GPS_Logger.a(isr_UART_GPS_RXI.o)
 .debug_ranges  0x000012c8       0x68 .\CortexM3\ARM_GCC_541\Debug\GPS_Logger.a(EEPROM.o)
 .debug_ranges  0x00001330       0x88 .\CortexM3\ARM_GCC_541\Debug\GPS_Logger.a(Timer1.o)
 .debug_ranges  0x000013b8       0x88 .\CortexM3\ARM_GCC_541\Debug\GPS_Logger.a(Timer2.o)
 .debug_ranges  0x00001440       0x18 .\CortexM3\ARM_GCC_541\Debug\GPS_Logger.a(Timer2_Reset.o)
 .debug_ranges  0x00001458       0x18 .\CortexM3\ARM_GCC_541\Debug\GPS_Logger.a(Timer1_Reset.o)
 .debug_ranges  0x00001470       0xc8 .\CortexM3\ARM_GCC_541\Debug\GPS_Logger.a(SAKURA_SPIM.o)
 .debug_ranges  0x00001538       0x28 .\CortexM3\ARM_GCC_541\Debug\GPS_Logger.a(SAKURA_CSn.o)
 .debug_ranges  0x00001560       0x60 .\CortexM3\ARM_GCC_541\Debug\GPS_Logger.a(SAKURA_SPIM_IntClock.o)
 .debug_ranges  0x000015c0       0x28 .\CortexM3\ARM_GCC_541\Debug\GPS_Logger.a(ACC_Sleep.o)
 .debug_ranges  0x000015e8       0x78 .\CortexM3\ARM_GCC_541\Debug\GPS_Logger.a(CyFlash.o)
 .debug_ranges  0x00001660       0x70 .\CortexM3\ARM_GCC_541\Debug\GPS_Logger.a(CySpc.o)

.comment        0x00000000       0x6e